Archive member included to satisfy reference by file (symbol)

c:/st/stm32cubeide_1.6.0/stm32cubeide/plugins/com.st.stm32cube.ide.mcu.externaltools.gnu-tools-for-stm32.9-2020-q2-update.win32_1.5.0.202011040924/tools/bin/../lib/gcc/arm-none-eabi/9.3.1/../../../../arm-none-eabi/lib/thumb/v7e-m+fp/hard\libc_nano.a(lib_a-errno.o)
                              Core/Src/syscalls.o (__errno)
c:/st/stm32cubeide_1.6.0/stm32cubeide/plugins/com.st.stm32cube.ide.mcu.externaltools.gnu-tools-for-stm32.9-2020-q2-update.win32_1.5.0.202011040924/tools/bin/../lib/gcc/arm-none-eabi/9.3.1/../../../../arm-none-eabi/lib/thumb/v7e-m+fp/hard\libc_nano.a(lib_a-exit.o)
                              c:/st/stm32cubeide_1.6.0/stm32cubeide/plugins/com.st.stm32cube.ide.mcu.externaltools.gnu-tools-for-stm32.9-2020-q2-update.win32_1.5.0.202011040924/tools/bin/../lib/gcc/arm-none-eabi/9.3.1/../../../../arm-none-eabi/lib/thumb/v7e-m+fp/hard/crt0.o (exit)
c:/st/stm32cubeide_1.6.0/stm32cubeide/plugins/com.st.stm32cube.ide.mcu.externaltools.gnu-tools-for-stm32.9-2020-q2-update.win32_1.5.0.202011040924/tools/bin/../lib/gcc/arm-none-eabi/9.3.1/../../../../arm-none-eabi/lib/thumb/v7e-m+fp/hard\libc_nano.a(lib_a-findfp.o)
                              Middlewares/Third_Party/FreeRTOS/Source/tasks.o (__sf_fake_stderr)
c:/st/stm32cubeide_1.6.0/stm32cubeide/plugins/com.st.stm32cube.ide.mcu.externaltools.gnu-tools-for-stm32.9-2020-q2-update.win32_1.5.0.202011040924/tools/bin/../lib/gcc/arm-none-eabi/9.3.1/../../../../arm-none-eabi/lib/thumb/v7e-m+fp/hard\libc_nano.a(lib_a-fwalk.o)
                              c:/st/stm32cubeide_1.6.0/stm32cubeide/plugins/com.st.stm32cube.ide.mcu.externaltools.gnu-tools-for-stm32.9-2020-q2-update.win32_1.5.0.202011040924/tools/bin/../lib/gcc/arm-none-eabi/9.3.1/../../../../arm-none-eabi/lib/thumb/v7e-m+fp/hard\libc_nano.a(lib_a-findfp.o) (_fwalk)
c:/st/stm32cubeide_1.6.0/stm32cubeide/plugins/com.st.stm32cube.ide.mcu.externaltools.gnu-tools-for-stm32.9-2020-q2-update.win32_1.5.0.202011040924/tools/bin/../lib/gcc/arm-none-eabi/9.3.1/../../../../arm-none-eabi/lib/thumb/v7e-m+fp/hard\libc_nano.a(lib_a-impure.o)
                              c:/st/stm32cubeide_1.6.0/stm32cubeide/plugins/com.st.stm32cube.ide.mcu.externaltools.gnu-tools-for-stm32.9-2020-q2-update.win32_1.5.0.202011040924/tools/bin/../lib/gcc/arm-none-eabi/9.3.1/../../../../arm-none-eabi/lib/thumb/v7e-m+fp/hard\libc_nano.a(lib_a-exit.o) (_global_impure_ptr)
c:/st/stm32cubeide_1.6.0/stm32cubeide/plugins/com.st.stm32cube.ide.mcu.externaltools.gnu-tools-for-stm32.9-2020-q2-update.win32_1.5.0.202011040924/tools/bin/../lib/gcc/arm-none-eabi/9.3.1/../../../../arm-none-eabi/lib/thumb/v7e-m+fp/hard\libc_nano.a(lib_a-init.o)
                              c:/st/stm32cubeide_1.6.0/stm32cubeide/plugins/com.st.stm32cube.ide.mcu.externaltools.gnu-tools-for-stm32.9-2020-q2-update.win32_1.5.0.202011040924/tools/bin/../lib/gcc/arm-none-eabi/9.3.1/../../../../arm-none-eabi/lib/thumb/v7e-m+fp/hard/crt0.o (__libc_init_array)
c:/st/stm32cubeide_1.6.0/stm32cubeide/plugins/com.st.stm32cube.ide.mcu.externaltools.gnu-tools-for-stm32.9-2020-q2-update.win32_1.5.0.202011040924/tools/bin/../lib/gcc/arm-none-eabi/9.3.1/../../../../arm-none-eabi/lib/thumb/v7e-m+fp/hard\libc_nano.a(lib_a-lock.o)
                              c:/st/stm32cubeide_1.6.0/stm32cubeide/plugins/com.st.stm32cube.ide.mcu.externaltools.gnu-tools-for-stm32.9-2020-q2-update.win32_1.5.0.202011040924/tools/bin/../lib/gcc/arm-none-eabi/9.3.1/../../../../arm-none-eabi/lib/thumb/v7e-m+fp/hard\libc_nano.a(lib_a-findfp.o) (__retarget_lock_init_recursive)
c:/st/stm32cubeide_1.6.0/stm32cubeide/plugins/com.st.stm32cube.ide.mcu.externaltools.gnu-tools-for-stm32.9-2020-q2-update.win32_1.5.0.202011040924/tools/bin/../lib/gcc/arm-none-eabi/9.3.1/../../../../arm-none-eabi/lib/thumb/v7e-m+fp/hard\libc_nano.a(lib_a-memcpy-stub.o)
                              Core/Trace/trcSnapshotRecorder.o (memcpy)
c:/st/stm32cubeide_1.6.0/stm32cubeide/plugins/com.st.stm32cube.ide.mcu.externaltools.gnu-tools-for-stm32.9-2020-q2-update.win32_1.5.0.202011040924/tools/bin/../lib/gcc/arm-none-eabi/9.3.1/../../../../arm-none-eabi/lib/thumb/v7e-m+fp/hard\libc_nano.a(lib_a-memset.o)
                              c:/st/stm32cubeide_1.6.0/stm32cubeide/plugins/com.st.stm32cube.ide.mcu.externaltools.gnu-tools-for-stm32.9-2020-q2-update.win32_1.5.0.202011040924/tools/bin/../lib/gcc/arm-none-eabi/9.3.1/../../../../arm-none-eabi/lib/thumb/v7e-m+fp/hard/crt0.o (memset)
c:/st/stm32cubeide_1.6.0/stm32cubeide/plugins/com.st.stm32cube.ide.mcu.externaltools.gnu-tools-for-stm32.9-2020-q2-update.win32_1.5.0.202011040924/tools/bin/../lib/gcc/arm-none-eabi/9.3.1/../../../../arm-none-eabi/lib/thumb/v7e-m+fp/hard\libc_nano.a(lib_a-nano-mallocr.o)
[...]
Memory Configuration

Name             Origin             Length             Attributes
FLASH            0x0000000008000000 0x0000000000080000 xr
RAM1             0x0000000020000004 0x000000000002fffc xrw
RAM_SHARED       0x0000000020030000 0x0000000000002800 xrw
*default*        0x0000000000000000 0xffffffffffffffff

Linker script and memory map

LOAD c:/st/stm32cubeide_1.6.0/stm32cubeide/plugins/com.st.stm32cube.ide.mcu.externaltools.gnu-tools-for-stm32.9-2020-q2-update.win32_1.5.0.202011040924/tools/bin/../lib/gcc/arm-none-eabi/9.3.1/thumb/v7e-m+fp/hard/crti.o
LOAD c:/st/stm32cubeide_1.6.0/stm32cubeide/plugins/com.st.stm32cube.ide.mcu.externaltools.gnu-tools-for-stm32.9-2020-q2-update.win32_1.5.0.202011040924/tools/bin/../lib/gcc/arm-none-eabi/9.3.1/thumb/v7e-m+fp/hard/crtbegin.o
LOAD c:/st/stm32cubeide_1.6.0/stm32cubeide/plugins/com.st.stm32cube.ide.mcu.externaltools.gnu-tools-for-stm32.9-2020-q2-update.win32_1.5.0.202011040924/tools/bin/../lib/gcc/arm-none-eabi/9.3.1/../../../../arm-none-eabi/lib/thumb/v7e-m+fp/hard/crt0.o
LOAD Core/Src/app_freertos.o
LOAD Core/Src/lcd.o
LOAD Core/Src/main.o
LOAD Core/Src/stm32wbxx_hal_msp.o
LOAD Core/Src/stm32wbxx_hal_timebase_tim.o
LOAD Core/Src/stm32wbxx_it.o
LOAD Core/Src/syscalls.o
LOAD Core/Src/sysmem.o
LOAD Core/Src/system_stm32wbxx.o
LOAD Core/Startup/startup_stm32wb55rgvx.o
LOAD Core/Trace/extras/SDK/trcSDK.o
LOAD Core/Trace/trcInternalBuffer.o
LOAD Core/Trace/trcKernelPort.o
LOAD Core/Trace/trcSnapshotRecorder.o
LOAD Core/Trace/trcStreamingRecorder.o
LOAD Drivers/STM32WBxx_HAL_Driver/Src/stm32wbxx_hal.o
LOAD Drivers/STM32WBxx_HAL_Driver/Src/stm32wbxx_hal_adc.o
LOAD Drivers/STM32WBxx_HAL_Driver/Src/stm32wbxx_hal_adc_ex.o
LOAD Drivers/STM32WBxx_HAL_Driver/Src/stm32wbxx_hal_cortex.o
LOAD Drivers/STM32WBxx_HAL_Driver/Src/stm32wbxx_hal_dma.o
LOAD Drivers/STM32WBxx_HAL_Driver/Src/stm32wbxx_hal_dma_ex.o
LOAD Drivers/STM32WBxx_HAL_Driver/Src/stm32wbxx_hal_exti.o
LOAD Drivers/STM32WBxx_HAL_Driver/Src/stm32wbxx_hal_flash.o
LOAD Drivers/STM32WBxx_HAL_Driver/Src/stm32wbxx_hal_flash_ex.o
LOAD Drivers/STM32WBxx_HAL_Driver/Src/stm32wbxx_hal_gpio.o
LOAD Drivers/STM32WBxx_HAL_Driver/Src/stm32wbxx_hal_hsem.o
LOAD Drivers/STM32WBxx_HAL_Driver/Src/stm32wbxx_hal_i2c.o
LOAD Drivers/STM32WBxx_HAL_Driver/Src/stm32wbxx_hal_i2c_ex.o
LOAD Drivers/STM32WBxx_HAL_Driver/Src/stm32wbxx_hal_pcd.o
LOAD Drivers/STM32WBxx_HAL_Driver/Src/stm32wbxx_hal_pcd_ex.o
LOAD Drivers/STM32WBxx_HAL_Driver/Src/stm32wbxx_hal_pwr.o
LOAD Drivers/STM32WBxx_HAL_Driver/Src/stm32wbxx_hal_pwr_ex.o
LOAD Drivers/STM32WBxx_HAL_Driver/Src/stm32wbxx_hal_rcc.o
LOAD Drivers/STM32WBxx_HAL_Driver/Src/stm32wbxx_hal_rcc_ex.o
LOAD Drivers/STM32WBxx_HAL_Driver/Src/stm32wbxx_hal_spi.o
LOAD Drivers/STM32WBxx_HAL_Driver/Src/stm32wbxx_hal_spi_ex.o
LOAD Drivers/STM32WBxx_HAL_Driver/Src/stm32wbxx_hal_tim.o
LOAD Drivers/STM32WBxx_HAL_Driver/Src/stm32wbxx_hal_tim_ex.o
LOAD Drivers/STM32WBxx_HAL_Driver/Src/stm32wbxx_hal_uart.o
LOAD Drivers/STM32WBxx_HAL_Driver/Src/stm32wbxx_hal_uart_ex.o
LOAD Drivers/STM32WBxx_HAL_Driver/Src/stm32wbxx_ll_adc.o
LOAD Drivers/STM32WBxx_HAL_Driver/Src/stm32wbxx_ll_usb.o
LOAD Middlewares/Third_Party/FreeRTOS/Source/CMSIS_RTOS/cmsis_os.o
LOAD Middlewares/Third_Party/FreeRTOS/Source/croutine.o
LOAD Middlewares/Third_Party/FreeRTOS/Source/event_groups.o
LOAD Middlewares/Third_Party/FreeRTOS/Source/list.o
LOAD Middlewares/Third_Party/FreeRTOS/Source/queue.o
LOAD Middlewares/Third_Party/FreeRTOS/Source/stream_buffer.o
LOAD Middlewares/Third_Party/FreeRTOS/Source/tasks.o
LOAD Middlewares/Third_Party/FreeRTOS/Source/timers.o
LOAD Middlewares/Third_Party/FreeRTOS/Source/portable/GCC/ARM_CM4F/port.o
LOAD Middlewares/Third_Party/FreeRTOS/Source/portable/MemMang/heap_4.o
START GROUP
LOAD c:/st/stm32cubeide_1.6.0/stm32cubeide/plugins/com.st.stm32cube.ide.mcu.externaltools.gnu-tools-for-stm32.9-2020-q2-update.win32_1.5.0.202011040924/tools/bin/../lib/gcc/arm-none-eabi/9.3.1/../../../../arm-none-eabi/lib/thumb/v7e-m+fp/hard\libc_nano.a
LOAD c:/st/stm32cubeide_1.6.0/stm32cubeide/plugins/com.st.stm32cube.ide.mcu.externaltools.gnu-tools-for-stm32.9-2020-q2-update.win32_1.5.0.202011040924/tools/bin/../lib/gcc/arm-none-eabi/9.3.1/../../../../arm-none-eabi/lib/thumb/v7e-m+fp/hard\libm.a
END GROUP
START GROUP
LOAD c:/st/stm32cubeide_1.6.0/stm32cubeide/plugins/com.st.stm32cube.ide.mcu.externaltools.gnu-tools-for-stm32.9-2020-q2-update.win32_1.5.0.202011040924/tools/bin/../lib/gcc/arm-none-eabi/9.3.1/thumb/v7e-m+fp/hard\libgcc.a
LOAD c:/st/stm32cubeide_1.6.0/stm32cubeide/plugins/com.st.stm32cube.ide.mcu.externaltools.gnu-tools-for-stm32.9-2020-q2-update.win32_1.5.0.202011040924/tools/bin/../lib/gcc/arm-none-eabi/9.3.1/../../../../arm-none-eabi/lib/thumb/v7e-m+fp/hard\libc_nano.a
END GROUP
START GROUP
LOAD c:/st/stm32cubeide_1.6.0/stm32cubeide/plugins/com.st.stm32cube.ide.mcu.externaltools.gnu-tools-for-stm32.9-2020-q2-update.win32_1.5.0.202011040924/tools/bin/../lib/gcc/arm-none-eabi/9.3.1/thumb/v7e-m+fp/hard\libgcc.a
LOAD c:/st/stm32cubeide_1.6.0/stm32cubeide/plugins/com.st.stm32cube.ide.mcu.externaltools.gnu-tools-for-stm32.9-2020-q2-update.win32_1.5.0.202011040924/tools/bin/../lib/gcc/arm-none-eabi/9.3.1/../../../../arm-none-eabi/lib/thumb/v7e-m+fp/hard\libc_nano.a
LOAD c:/st/stm32cubeide_1.6.0/stm32cubeide/plugins/com.st.stm32cube.ide.mcu.externaltools.gnu-tools-for-stm32.9-2020-q2-update.win32_1.5.0.202011040924/tools/bin/../lib/gcc/arm-none-eabi/9.3.1/../../../../arm-none-eabi/lib/thumb/v7e-m+fp/hard\libnosys.a
END GROUP
START GROUP
LOAD c:/st/stm32cubeide_1.6.0/stm32cubeide/plugins/com.st.stm32cube.ide.mcu.externaltools.gnu-tools-for-stm32.9-2020-q2-update.win32_1.5.0.202011040924/tools/bin/../lib/gcc/arm-none-eabi/9.3.1/thumb/v7e-m+fp/hard\libgcc.a
LOAD c:/st/stm32cubeide_1.6.0/stm32cubeide/plugins/com.st.stm32cube.ide.mcu.externaltools.gnu-tools-for-stm32.9-2020-q2-update.win32_1.5.0.202011040924/tools/bin/../lib/gcc/arm-none-eabi/9.3.1/../../../../arm-none-eabi/lib/thumb/v7e-m+fp/hard\libc_nano.a
LOAD c:/st/stm32cubeide_1.6.0/stm32cubeide/plugins/com.st.stm32cube.ide.mcu.externaltools.gnu-tools-for-stm32.9-2020-q2-update.win32_1.5.0.202011040924/tools/bin/../lib/gcc/arm-none-eabi/9.3.1/../../../../arm-none-eabi/lib/thumb/v7e-m+fp/hard\libnosys.a
END GROUP
LOAD c:/st/stm32cubeide_1.6.0/stm32cubeide/plugins/com.st.stm32cube.ide.mcu.externaltools.gnu-tools-for-stm32.9-2020-q2-update.win32_1.5.0.202011040924/tools/bin/../lib/gcc/arm-none-eabi/9.3.1/thumb/v7e-m+fp/hard/crtend.o
LOAD c:/st/stm32cubeide_1.6.0/stm32cubeide/plugins/com.st.stm32cube.ide.mcu.externaltools.gnu-tools-for-stm32.9-2020-q2-update.win32_1.5.0.202011040924/tools/bin/../lib/gcc/arm-none-eabi/9.3.1/thumb/v7e-m+fp/hard/crtn.o
                0x0000000020030000                _estack = 0x20030000
                0x0000000000000200                _Min_Heap_Size = 0x200
                0x0000000000000400                _Min_Stack_Size = 0x400

.isr_vector     0x0000000008000000      0x13c
                0x0000000008000000                . = ALIGN (0x4)
 *(.isr_vector)
 .isr_vector    0x0000000008000000      0x13c Core/Startup/startup_stm32wb55rgvx.o
                0x0000000008000000                g_pfnVectors
                0x000000000800013c                . = ALIGN (0x4)

.text           0x0000000008000140     0xa36c
                0x0000000008000140                . = ALIGN (0x4)
 *(.text)
 .text          0x0000000008000140       0x40 c:/st/stm32cubeide_1.6.0/stm32cubeide/plugins/com.st.stm32cube.ide.mcu.externaltools.gnu-tools-for-stm32.9-2020-q2-update.win32_1.5.0.202011040924/tools/bin/../lib/gcc/arm-none-eabi/9.3.1/thumb/v7e-m+fp/hard/crtbegin.o
 .text          0x0000000008000180       0x40 c:/st/stm32cubeide_1.6.0/stm32cubeide/plugins/com.st.stm32cube.ide.mcu.externaltools.gnu-tools-for-stm32.9-2020-q2-update.win32_1.5.0.202011040924/tools/bin/../lib/gcc/arm-none-eabi/9.3.1/thumb/v7e-m+fp/hard\libgcc.a(_arm_fixunsdfsi.o)
                0x0000000008000180                __aeabi_d2uiz
                0x0000000008000180                __fixunsdfsi
 .text          0x00000000080001c0       0x30 c:/st/stm32cubeide_1.6.0/stm32cubeide/plugins/com.st.stm32cube.ide.mcu.externaltools.gnu-tools-for-stm32.9-2020-q2-update.win32_1.5.0.202011040924/tools/bin/../lib/gcc/arm-none-eabi/9.3.1/thumb/v7e-m+fp/hard\libgcc.a(_aeabi_uldivmod.o)
                0x00000000080001c0                __aeabi_uldivmod
 .text          0x00000000080001f0      0x2c4 c:/st/stm32cubeide_1.6.0/stm32cubeide/plugins/com.st.stm32cube.ide.mcu.externaltools.gnu-tools-for-stm32.9-2020-q2-update.win32_1.5.0.202011040924/tools/bin/../lib/gcc/arm-none-eabi/9.3.1/thumb/v7e-m+fp/hard\libgcc.a(_udivmoddi4.o)
                0x00000000080001f0                __udivmoddi4
 .text          0x00000000080004b4        0x4 c:/st/stm32cubeide_1.6.0/stm32cubeide/plugins/com.st.stm32cube.ide.mcu.externaltools.gnu-tools-for-stm32.9-2020-q2-update.win32_1.5.0.202011040924/tools/bin/../lib/gcc/arm-none-eabi/9.3.1/thumb/v7e-m+fp/hard\libgcc.a(_dvmd_tls.o)
                0x00000000080004b4                __aeabi_idiv0
                0x00000000080004b4                __aeabi_ldiv0
 *(.text*)
 .text.ustress  0x00000000080004b8       0x44 Core/Src/lcd.o
                0x00000000080004b8                ustress
 .text.TextLCD_Strobe
                0x00000000080004fc       0x70 Core/Src/lcd.o
                0x00000000080004fc                TextLCD_Strobe
 .text.TextLCD_Cmd
                0x000000000800056c       0x90 Core/Src/lcd.o
                0x000000000800056c                TextLCD_Cmd
 .text.TextLCD_Data
                0x00000000080005fc       0x9c Core/Src/lcd.o
                0x00000000080005fc                TextLCD_Data
 .text.TextLCD_Init
                0x0000000008000698       0xdc Core/Src/lcd.o
                0x0000000008000698                TextLCD_Init
 .text.TextLCD_Home
                0x0000000008000774       0x18 Core/Src/lcd.o
                0x0000000008000774                TextLCD_Home
 .text.TextLCD_Position
                0x000000000800078c       0x3a Core/Src/lcd.o
                0x000000000800078c                TextLCD_Position
 .text.TextLCD_Putchar
                0x00000000080007c6       0x1e Core/Src/lcd.o
                0x00000000080007c6                TextLCD_Putchar
 .text.TextLCD_Puts
                0x00000000080007e4       0x3c Core/Src/lcd.o
                0x00000000080007e4                TextLCD_Puts
 .text.LL_RCC_LSE_SetDriveCapability
                0x0000000008000820       0x2c Core/Src/main.o
 .text.LL_AHB1_GRP1_EnableClock
                0x000000000800084c       0x32 Core/Src/main.o
 .text.LL_AHB2_GRP1_EnableClock
                0x000000000800087e       0x32 Core/Src/main.o
 .text.setRGB   0x00000000080008b0       0x70 Core/Src/main.o
                0x00000000080008b0                setRGB
 .text.main     0x0000000008000920      0x154 Core/Src/main.o
                0x0000000008000920                main
 .text.SystemClock_Config
                0x0000000008000a74      0x158 Core/Src/main.o
                0x0000000008000a74                SystemClock_Config
 .text.MX_ADC1_Init
                0x0000000008000bcc       0xc8 Core/Src/main.o
 .text.MX_I2C1_Init
                0x0000000008000c94       0x80 Core/Src/main.o
 .text.MX_SPI2_Init
                0x0000000008000d14       0x7c Core/Src/main.o
 .text.MX_USART1_UART_Init
                0x0000000008000d90       0x9c Core/Src/main.o
 .text.MX_USB_PCD_Init
                0x0000000008000e2c       0x50 Core/Src/main.o
 .text.MX_DMA_Init
                0x0000000008000e7c       0x24 Core/Src/main.o
 .text.MX_GPIO_Init
                0x0000000008000ea0       0xdc Core/Src/main.o
 .text.StartDefaultTask
                0x0000000008000f7c       0x10 Core/Src/main.o
                0x0000000008000f7c                StartDefaultTask
 .text.StartBlinkyTask
                0x0000000008000f8c       0x34 Core/Src/main.o
                0x0000000008000f8c                StartBlinkyTask
 .text.StartTaskADC
                0x0000000008000fc0       0x50 Core/Src/main.o
                0x0000000008000fc0                StartTaskADC
 .text.StartTaskRGB
                0x0000000008001010       0xc4 Core/Src/main.o
                0x0000000008001010                StartTaskRGB
 .text.StartTaskWriteLCD
                0x00000000080010d4       0x8c Core/Src/main.o
                0x00000000080010d4                StartTaskWriteLCD
 .text.HAL_TIM_PeriodElapsedCallback
                0x0000000008001160       0x24 Core/Src/main.o
                0x0000000008001160                HAL_TIM_PeriodElapsedCallback
 .text.Error_Handler
                0x0000000008001184        0xa Core/Src/main.o
                0x0000000008001184                Error_Handler
 .text.LL_AHB2_GRP1_EnableClock
                0x000000000800118e       0x32 Core/Src/stm32wbxx_hal_msp.o
 .text.LL_APB1_GRP1_EnableClock
                0x00000000080011c0       0x32 Core/Src/stm32wbxx_hal_msp.o
 .text.LL_APB2_GRP1_EnableClock
                0x00000000080011f2       0x32 Core/Src/stm32wbxx_hal_msp.o
 .text.HAL_MspInit
                0x0000000008001224       0x14 Core/Src/stm32wbxx_hal_msp.o
                0x0000000008001224                HAL_MspInit
 .text.HAL_ADC_MspInit
                0x0000000008001238       0x58 Core/Src/stm32wbxx_hal_msp.o
                0x0000000008001238                HAL_ADC_MspInit
 .text.HAL_I2C_MspInit
                0x0000000008001290       0x64 Core/Src/stm32wbxx_hal_msp.o
                0x0000000008001290                HAL_I2C_MspInit
 .text.HAL_SPI_MspInit
                0x00000000080012f4       0xe4 Core/Src/stm32wbxx_hal_msp.o
                0x00000000080012f4                HAL_SPI_MspInit
 .text.HAL_UART_MspInit
                0x00000000080013d8       0x60 Core/Src/stm32wbxx_hal_msp.o
                0x00000000080013d8                HAL_UART_MspInit
 .text.HAL_PCD_MspInit
                0x0000000008001438       0x60 Core/Src/stm32wbxx_hal_msp.o
                0x0000000008001438                HAL_PCD_MspInit
 .text.LL_APB2_GRP1_EnableClock
                0x0000000008001498       0x32 Core/Src/stm32wbxx_hal_timebase_tim.o
 *fill*         0x00000000080014ca        0x2 
 .text.HAL_InitTick
                0x00000000080014cc       0x98 Core/Src/stm32wbxx_hal_timebase_tim.o
                0x00000000080014cc                HAL_InitTick
 .text.NMI_Handler
                0x0000000008001564        0x6 Core/Src/stm32wbxx_it.o
                0x0000000008001564                NMI_Handler
 .text.HardFault_Handler
                0x000000000800156a        0x6 Core/Src/stm32wbxx_it.o
                0x000000000800156a                HardFault_Handler
 .text.MemManage_Handler
                0x0000000008001570        0x6 Core/Src/stm32wbxx_it.o
                0x0000000008001570                MemManage_Handler
 .text.BusFault_Handler
                0x0000000008001576        0x6 Core/Src/stm32wbxx_it.o
                0x0000000008001576                BusFault_Handler
 .text.UsageFault_Handler
                0x000000000800157c        0x6 Core/Src/stm32wbxx_it.o
                0x000000000800157c                UsageFault_Handler
 .text.DebugMon_Handler
                0x0000000008001582        0xe Core/Src/stm32wbxx_it.o
                0x0000000008001582                DebugMon_Handler
 .text.DMA1_Channel1_IRQHandler
                0x0000000008001590       0x14 Core/Src/stm32wbxx_it.o
                0x0000000008001590                DMA1_Channel1_IRQHandler
 .text.TIM1_UP_TIM16_IRQHandler
                0x00000000080015a4       0x14 Core/Src/stm32wbxx_it.o
                0x00000000080015a4                TIM1_UP_TIM16_IRQHandler
 .text.SystemInit
                0x00000000080015b8       0xa4 Core/Src/system_stm32wbxx.o
                0x00000000080015b8                SystemInit
 .text.data_initializers
                0x000000000800165c       0x18 Core/Startup/startup_stm32wb55rgvx.o
 .text.Reset_Handler
                0x0000000008001674       0x54 Core/Startup/startup_stm32wb55rgvx.o
                0x0000000008001674                Reset_Handler
 .text.Default_Handler
                0x00000000080016c8        0x2 Core/Startup/startup_stm32wb55rgvx.o
                0x00000000080016c8                RTC_Alarm_IRQHandler
                0x00000000080016c8                EXTI2_IRQHandler
                0x00000000080016c8                TIM1_CC_IRQHandler
                0x00000000080016c8                TSC_IRQHandler
                0x00000000080016c8                USB_HP_IRQHandler
                0x00000000080016c8                EXTI3_IRQHandler
                0x00000000080016c8                LPTIM2_IRQHandler
                0x00000000080016c8                I2C3_ER_IRQHandler
                0x00000000080016c8                EXTI0_IRQHandler
                0x00000000080016c8                FPU_IRQHandler
                0x00000000080016c8                AES1_IRQHandler
                0x00000000080016c8                SPI1_IRQHandler
                0x00000000080016c8                PWR_SOTF_BLEACT_802ACT_RFPHASE_IRQHandler
                0x00000000080016c8                DMA2_Channel2_IRQHandler
                0x00000000080016c8                DMA1_Channel4_IRQHandler
                0x00000000080016c8                ADC1_IRQHandler
                0x00000000080016c8                PKA_IRQHandler
                0x00000000080016c8                DMA1_Channel7_IRQHandler
                0x00000000080016c8                LCD_IRQHandler
                0x00000000080016c8                IPCC_C1_TX_IRQHandler
                0x00000000080016c8                DMA2_Channel1_IRQHandler
                0x00000000080016c8                QUADSPI_IRQHandler
                0x00000000080016c8                I2C1_EV_IRQHandler
                0x00000000080016c8                DMAMUX1_OVR_IRQHandler
                0x00000000080016c8                DMA1_Channel6_IRQHandler
                0x00000000080016c8                DMA2_Channel4_IRQHandler
                0x00000000080016c8                RCC_IRQHandler
                0x00000000080016c8                Default_Handler
                0x00000000080016c8                DMA2_Channel7_IRQHandler
                0x00000000080016c8                EXTI15_10_IRQHandler
                0x00000000080016c8                IPCC_C1_RX_IRQHandler
                0x00000000080016c8                C2SEV_PWR_C2H_IRQHandler
                0x00000000080016c8                AES2_IRQHandler
                0x00000000080016c8                I2C3_EV_IRQHandler
                0x00000000080016c8                EXTI9_5_IRQHandler
                0x00000000080016c8                RTC_WKUP_IRQHandler
                0x00000000080016c8                PVD_PVM_IRQHandler
                0x00000000080016c8                SPI2_IRQHandler
                0x00000000080016c8                DMA2_Channel5_IRQHandler
                0x00000000080016c8                CRS_IRQHandler
                0x00000000080016c8                DMA1_Channel5_IRQHandler
                0x00000000080016c8                USB_LP_IRQHandler
                0x00000000080016c8                EXTI4_IRQHandler
                0x00000000080016c8                RNG_IRQHandler
                0x00000000080016c8                TIM1_TRG_COM_TIM17_IRQHandler
                0x00000000080016c8                TAMP_STAMP_LSECSS_IRQHandler
                0x00000000080016c8                DMA1_Channel3_IRQHandler
                0x00000000080016c8                COMP_IRQHandler
                0x00000000080016c8                HSEM_IRQHandler
                0x00000000080016c8                WWDG_IRQHandler
                0x00000000080016c8                LPUART1_IRQHandler
                0x00000000080016c8                DMA2_Channel6_IRQHandler
                0x00000000080016c8                TIM2_IRQHandler
                0x00000000080016c8                TIM1_BRK_IRQHandler
                0x00000000080016c8                EXTI1_IRQHandler
                0x00000000080016c8                DMA1_Channel2_IRQHandler
                0x00000000080016c8                FLASH_IRQHandler
                0x00000000080016c8                USART1_IRQHandler
                0x00000000080016c8                I2C1_ER_IRQHandler
                0x00000000080016c8                LPTIM1_IRQHandler
                0x00000000080016c8                SAI1_IRQHandler
                0x00000000080016c8                DMA2_Channel3_IRQHandler
 .text.prvTraceGetTaskNumberLow16
                0x00000000080016ca       0x1a Core/Trace/trcKernelPort.o
                0x00000000080016ca                prvTraceGetTaskNumberLow16
 .text.prvTraceGetTaskNumberHigh16
                0x00000000080016e4       0x1c Core/Trace/trcKernelPort.o
                0x00000000080016e4                prvTraceGetTaskNumberHigh16
 .text.prvTraceSetTaskNumberLow16
                0x0000000008001700       0x2c Core/Trace/trcKernelPort.o
                0x0000000008001700                prvTraceSetTaskNumberLow16
 .text.prvTraceSetTaskNumberHigh16
                0x000000000800172c       0x2c Core/Trace/trcKernelPort.o
                0x000000000800172c                prvTraceSetTaskNumberHigh16
 .text.prvTraceGetCurrentTaskHandle
                0x0000000008001758        0xe Core/Trace/trcKernelPort.o
                0x0000000008001758                prvTraceGetCurrentTaskHandle
 *fill*         0x0000000008001766        0x2 
 .text.vTraceEnable
                0x0000000008001768       0x48 Core/Trace/trcKernelPort.o
                0x0000000008001768                vTraceEnable
 .text.vTraceInitObjectPropertyTable
                0x00000000080017b0      0x19c Core/Trace/trcKernelPort.o
                0x00000000080017b0                vTraceInitObjectPropertyTable
 .text.vTraceInitObjectHandleStack
                0x000000000800194c      0x110 Core/Trace/trcKernelPort.o
                0x000000000800194c                vTraceInitObjectHandleStack
 .text.pszTraceGetErrorNotEnoughHandles
                0x0000000008001a5c       0x98 Core/Trace/trcKernelPort.o
                0x0000000008001a5c                pszTraceGetErrorNotEnoughHandles
 .text.uiTraceStart
                0x0000000008001af4       0xe0 Core/Trace/trcSnapshotRecorder.o
                0x0000000008001af4                uiTraceStart
 .text.vTraceStart
                0x0000000008001bd4        0xc Core/Trace/trcSnapshotRecorder.o
                0x0000000008001bd4                vTraceStart
 .text.vTraceStop
                0x0000000008001be0       0x30 Core/Trace/trcSnapshotRecorder.o
                0x0000000008001be0                vTraceStop
 .text.prvTraceInitTimestamps
                0x0000000008001c10       0x20 Core/Trace/trcSnapshotRecorder.o
                0x0000000008001c10                prvTraceInitTimestamps
 .text.writeInt8
                0x0000000008001c30       0x50 Core/Trace/trcSnapshotRecorder.o
 .text.writeInt16
                0x0000000008001c80       0x74 Core/Trace/trcSnapshotRecorder.o
 .text.writeInt32
                0x0000000008001cf4       0x70 Core/Trace/trcSnapshotRecorder.o
 .text.prvTraceUserEventFormat
                0x0000000008001d64      0x30c Core/Trace/trcSnapshotRecorder.o
 .text.vTracePrintF
                0x0000000008002070       0x2c Core/Trace/trcSnapshotRecorder.o
                0x0000000008002070                vTracePrintF
 .text.vTraceVPrintF
                0x000000000800209c      0x1ac Core/Trace/trcSnapshotRecorder.o
                0x000000000800209c                vTraceVPrintF
 .text.xTraceRegisterString
                0x0000000008002248       0x48 Core/Trace/trcSnapshotRecorder.o
                0x0000000008002248                xTraceRegisterString
 .text.vTraceInitialize
                0x0000000008002290      0x244 Core/Trace/trcSnapshotRecorder.o
                0x0000000008002290                vTraceInitialize
 .text.prvTraceStoreTaskReady
                0x00000000080024d4       0xc8 Core/Trace/trcSnapshotRecorder.o
                0x00000000080024d4                prvTraceStoreTaskReady
 .text.vTraceStoreMemMangEvent
                0x000000000800259c      0x130 Core/Trace/trcSnapshotRecorder.o
                0x000000000800259c                vTraceStoreMemMangEvent
 .text.prvTraceStoreKernelCall
                0x00000000080026cc       0xfc Core/Trace/trcSnapshotRecorder.o
                0x00000000080026cc                prvTraceStoreKernelCall
 .text.prvTraceGetParam
                0x00000000080027c8       0x78 Core/Trace/trcSnapshotRecorder.o
 .text.prvTraceStoreKernelCallWithNumericParamOnly
                0x0000000008002840       0xcc Core/Trace/trcSnapshotRecorder.o
                0x0000000008002840                prvTraceStoreKernelCallWithNumericParamOnly
 .text.prvTraceStoreTaskswitch
                0x000000000800290c       0xe4 Core/Trace/trcSnapshotRecorder.o
                0x000000000800290c                prvTraceStoreTaskswitch
 .text.prvTraceSetPriorityProperty
                0x00000000080029f0       0x78 Core/Trace/trcSnapshotRecorder.o
                0x00000000080029f0                prvTraceSetPriorityProperty
 .text.prvTraceSetObjectState
                0x0000000008002a68       0x78 Core/Trace/trcSnapshotRecorder.o
                0x0000000008002a68                prvTraceSetObjectState
 .text.prvTraceGetObjectState
                0x0000000008002ae0       0x78 Core/Trace/trcSnapshotRecorder.o
 .text.prvTraceSetTaskInstanceFinished
                0x0000000008002b58       0x54 Core/Trace/trcSnapshotRecorder.o
                0x0000000008002b58                prvTraceSetTaskInstanceFinished
 .text.prvTraceNextFreeEventBufferSlot
                0x0000000008002bac       0x48 Core/Trace/trcSnapshotRecorder.o
 .text.uiIndexOfObject
                0x0000000008002bf4       0xb0 Core/Trace/trcSnapshotRecorder.o
                0x0000000008002bf4                uiIndexOfObject
 .text.prvTraceGetObjectHandle
                0x0000000008002ca4      0x15c Core/Trace/trcSnapshotRecorder.o
                0x0000000008002ca4                prvTraceGetObjectHandle
 .text.prvStrncpy
                0x0000000008002e00       0x4c Core/Trace/trcSnapshotRecorder.o
 .text.prvTraceSetObjectName
                0x0000000008002e4c       0xb4 Core/Trace/trcSnapshotRecorder.o
                0x0000000008002e4c                prvTraceSetObjectName
 .text.prvTraceOpenSymbol
                0x0000000008002f00       0xa4 Core/Trace/trcSnapshotRecorder.o
 .text.prvTraceError
                0x0000000008002fa4       0x58 Core/Trace/trcSnapshotRecorder.o
                0x0000000008002fa4                prvTraceError
 .text.prvCheckDataToBeOverwrittenForMultiEntryEvents
                0x0000000008002ffc      0x11c Core/Trace/trcSnapshotRecorder.o
 .text.prvTraceUpdateCounters
                0x0000000008003118       0x50 Core/Trace/trcSnapshotRecorder.o
 .text.prvTraceGetDTS
                0x0000000008003168      0x1b0 Core/Trace/trcSnapshotRecorder.o
 .text.prvTraceLookupSymbolTableEntry
                0x0000000008003318       0xfc Core/Trace/trcSnapshotRecorder.o
 .text.prvTraceCreateSymbolTableEntry
                0x0000000008003414      0x184 Core/Trace/trcSnapshotRecorder.o
 .text.prvTraceGetChecksum
                0x0000000008003598       0x8c Core/Trace/trcSnapshotRecorder.o
 .text.prvTraceInitCortexM
                0x0000000008003624       0x70 Core/Trace/trcSnapshotRecorder.o
                0x0000000008003624                prvTraceInitCortexM
 .text.prvTracePortGetTimeStamp
                0x0000000008003694       0x94 Core/Trace/trcSnapshotRecorder.o
                0x0000000008003694                prvTracePortGetTimeStamp
 .text.HAL_Init
                0x0000000008003728       0x40 Drivers/STM32WBxx_HAL_Driver/Src/stm32wbxx_hal.o
                0x0000000008003728                HAL_Init
 .text.HAL_IncTick
                0x0000000008003768       0x28 Drivers/STM32WBxx_HAL_Driver/Src/stm32wbxx_hal.o
                0x0000000008003768                HAL_IncTick
 .text.HAL_GetTick
                0x0000000008003790       0x18 Drivers/STM32WBxx_HAL_Driver/Src/stm32wbxx_hal.o
                0x0000000008003790                HAL_GetTick
 .text.HAL_GetTickPrio
                0x00000000080037a8       0x18 Drivers/STM32WBxx_HAL_Driver/Src/stm32wbxx_hal.o
                0x00000000080037a8                HAL_GetTickPrio
 .text.HAL_Delay
                0x00000000080037c0       0x48 Drivers/STM32WBxx_HAL_Driver/Src/stm32wbxx_hal.o
                0x00000000080037c0                HAL_Delay
 .text.LL_ADC_SetCommonClock
                0x0000000008003808       0x26 Drivers/STM32WBxx_HAL_Driver/Src/stm32wbxx_hal_adc.o
 .text.LL_ADC_SetCommonPathInternalCh
                0x000000000800382e       0x26 Drivers/STM32WBxx_HAL_Driver/Src/stm32wbxx_hal_adc.o
 .text.LL_ADC_GetCommonPathInternalCh
                0x0000000008003854       0x1c Drivers/STM32WBxx_HAL_Driver/Src/stm32wbxx_hal_adc.o
 .text.LL_ADC_SetOffset
                0x0000000008003870       0x48 Drivers/STM32WBxx_HAL_Driver/Src/stm32wbxx_hal_adc.o
 .text.LL_ADC_GetOffsetChannel
                0x00000000080038b8       0x2c Drivers/STM32WBxx_HAL_Driver/Src/stm32wbxx_hal_adc.o
 .text.LL_ADC_SetOffsetState
                0x00000000080038e4       0x36 Drivers/STM32WBxx_HAL_Driver/Src/stm32wbxx_hal_adc.o
 .text.LL_ADC_REG_IsTriggerSourceSWStart
                0x000000000800391a       0x26 Drivers/STM32WBxx_HAL_Driver/Src/stm32wbxx_hal_adc.o
 .text.LL_ADC_REG_SetSequencerRanks
                0x0000000008003940       0x58 Drivers/STM32WBxx_HAL_Driver/Src/stm32wbxx_hal_adc.o
 .text.LL_ADC_SetChannelSamplingTime
                0x0000000008003998       0x56 Drivers/STM32WBxx_HAL_Driver/Src/stm32wbxx_hal_adc.o
 *fill*         0x00000000080039ee        0x2 
 .text.LL_ADC_SetChannelSingleDiff
                0x00000000080039f0       0x48 Drivers/STM32WBxx_HAL_Driver/Src/stm32wbxx_hal_adc.o
 .text.LL_ADC_DisableDeepPowerDown
                0x0000000008003a38       0x24 Drivers/STM32WBxx_HAL_Driver/Src/stm32wbxx_hal_adc.o
 .text.LL_ADC_IsDeepPowerDownEnabled
                0x0000000008003a5c       0x28 Drivers/STM32WBxx_HAL_Driver/Src/stm32wbxx_hal_adc.o
 .text.LL_ADC_EnableInternalRegulator
                0x0000000008003a84       0x28 Drivers/STM32WBxx_HAL_Driver/Src/stm32wbxx_hal_adc.o
 .text.LL_ADC_IsInternalRegulatorEnabled
                0x0000000008003aac       0x28 Drivers/STM32WBxx_HAL_Driver/Src/stm32wbxx_hal_adc.o
 .text.LL_ADC_Enable
                0x0000000008003ad4       0x28 Drivers/STM32WBxx_HAL_Driver/Src/stm32wbxx_hal_adc.o
 .text.LL_ADC_Disable
                0x0000000008003afc       0x28 Drivers/STM32WBxx_HAL_Driver/Src/stm32wbxx_hal_adc.o
 .text.LL_ADC_IsEnabled
                0x0000000008003b24       0x26 Drivers/STM32WBxx_HAL_Driver/Src/stm32wbxx_hal_adc.o
 .text.LL_ADC_IsDisableOngoing
                0x0000000008003b4a       0x26 Drivers/STM32WBxx_HAL_Driver/Src/stm32wbxx_hal_adc.o
 .text.LL_ADC_REG_StartConversion
                0x0000000008003b70       0x28 Drivers/STM32WBxx_HAL_Driver/Src/stm32wbxx_hal_adc.o
 .text.LL_ADC_REG_StopConversion
                0x0000000008003b98       0x28 Drivers/STM32WBxx_HAL_Driver/Src/stm32wbxx_hal_adc.o
 .text.LL_ADC_REG_IsConversionOngoing
                0x0000000008003bc0       0x26 Drivers/STM32WBxx_HAL_Driver/Src/stm32wbxx_hal_adc.o
 .text.LL_ADC_INJ_StopConversion
                0x0000000008003be6       0x28 Drivers/STM32WBxx_HAL_Driver/Src/stm32wbxx_hal_adc.o
 .text.LL_ADC_INJ_IsConversionOngoing
                0x0000000008003c0e       0x26 Drivers/STM32WBxx_HAL_Driver/Src/stm32wbxx_hal_adc.o
 .text.HAL_ADC_Init
                0x0000000008003c34      0x298 Drivers/STM32WBxx_HAL_Driver/Src/stm32wbxx_hal_adc.o
                0x0000000008003c34                HAL_ADC_Init
 .text.HAL_ADC_Start
                0x0000000008003ecc       0xa8 Drivers/STM32WBxx_HAL_Driver/Src/stm32wbxx_hal_adc.o
                0x0000000008003ecc                HAL_ADC_Start
 .text.HAL_ADC_Stop
                0x0000000008003f74       0x66 Drivers/STM32WBxx_HAL_Driver/Src/stm32wbxx_hal_adc.o
                0x0000000008003f74                HAL_ADC_Stop
 .text.HAL_ADC_PollForConversion
                0x0000000008003fda      0x11a Drivers/STM32WBxx_HAL_Driver/Src/stm32wbxx_hal_adc.o
                0x0000000008003fda                HAL_ADC_PollForConversion
 .text.HAL_ADC_GetValue
                0x00000000080040f4       0x1a Drivers/STM32WBxx_HAL_Driver/Src/stm32wbxx_hal_adc.o
                0x00000000080040f4                HAL_ADC_GetValue
 *fill*         0x000000000800410e        0x2 
 .text.HAL_ADC_ConfigChannel
                0x0000000008004110      0x78c Drivers/STM32WBxx_HAL_Driver/Src/stm32wbxx_hal_adc.o
                0x0000000008004110                HAL_ADC_ConfigChannel
 .text.ADC_ConversionStop
                0x000000000800489c      0x178 Drivers/STM32WBxx_HAL_Driver/Src/stm32wbxx_hal_adc.o
                0x000000000800489c                ADC_ConversionStop
 .text.ADC_Enable
                0x0000000008004a14       0xf4 Drivers/STM32WBxx_HAL_Driver/Src/stm32wbxx_hal_adc.o
                0x0000000008004a14                ADC_Enable
 .text.ADC_Disable
                0x0000000008004b08       0xbe Drivers/STM32WBxx_HAL_Driver/Src/stm32wbxx_hal_adc.o
                0x0000000008004b08                ADC_Disable
 *fill*         0x0000000008004bc6        0x2 
 .text.__NVIC_SetPriorityGrouping
                0x0000000008004bc8       0x48 Drivers/STM32WBxx_HAL_Driver/Src/stm32wbxx_hal_cortex.o
 .text.__NVIC_GetPriorityGrouping
                0x0000000008004c10       0x1c Drivers/STM32WBxx_HAL_Driver/Src/stm32wbxx_hal_cortex.o
 .text.__NVIC_EnableIRQ
                0x0000000008004c2c       0x3c Drivers/STM32WBxx_HAL_Driver/Src/stm32wbxx_hal_cortex.o
 .text.__NVIC_SetPriority
                0x0000000008004c68       0x54 Drivers/STM32WBxx_HAL_Driver/Src/stm32wbxx_hal_cortex.o
 .text.NVIC_EncodePriority
                0x0000000008004cbc       0x66 Drivers/STM32WBxx_HAL_Driver/Src/stm32wbxx_hal_cortex.o
 .text.HAL_NVIC_SetPriorityGrouping
                0x0000000008004d22       0x16 Drivers/STM32WBxx_HAL_Driver/Src/stm32wbxx_hal_cortex.o
                0x0000000008004d22                HAL_NVIC_SetPriorityGrouping
 .text.HAL_NVIC_SetPriority
                0x0000000008004d38       0x34 Drivers/STM32WBxx_HAL_Driver/Src/stm32wbxx_hal_cortex.o
                0x0000000008004d38                HAL_NVIC_SetPriority
 .text.HAL_NVIC_EnableIRQ
                0x0000000008004d6c       0x1c Drivers/STM32WBxx_HAL_Driver/Src/stm32wbxx_hal_cortex.o
                0x0000000008004d6c                HAL_NVIC_EnableIRQ
 .text.HAL_DMA_Init
                0x0000000008004d88      0x150 Drivers/STM32WBxx_HAL_Driver/Src/stm32wbxx_hal_dma.o
                0x0000000008004d88                HAL_DMA_Init
 .text.HAL_DMA_IRQHandler
                0x0000000008004ed8      0x15e Drivers/STM32WBxx_HAL_Driver/Src/stm32wbxx_hal_dma.o
                0x0000000008004ed8                HAL_DMA_IRQHandler
 *fill*         0x0000000008005036        0x2 
 .text.DMA_CalcDMAMUXChannelBaseAndMask
                0x0000000008005038       0x7c Drivers/STM32WBxx_HAL_Driver/Src/stm32wbxx_hal_dma.o
 .text.DMA_CalcDMAMUXRequestGenBaseAndMask
                0x00000000080050b4       0x4c Drivers/STM32WBxx_HAL_Driver/Src/stm32wbxx_hal_dma.o
 .text.HAL_GPIO_Init
                0x0000000008005100      0x2e0 Drivers/STM32WBxx_HAL_Driver/Src/stm32wbxx_hal_gpio.o
                0x0000000008005100                HAL_GPIO_Init
 .text.HAL_GPIO_WritePin
                0x00000000080053e0       0x30 Drivers/STM32WBxx_HAL_Driver/Src/stm32wbxx_hal_gpio.o
                0x00000000080053e0                HAL_GPIO_WritePin
 .text.HAL_I2C_Init
                0x0000000008005410      0x11e Drivers/STM32WBxx_HAL_Driver/Src/stm32wbxx_hal_i2c.o
                0x0000000008005410                HAL_I2C_Init
 *fill*         0x000000000800552e        0x2 
 .text.HAL_I2C_Master_Transmit
                0x0000000008005530      0x1e8 Drivers/STM32WBxx_HAL_Driver/Src/stm32wbxx_hal_i2c.o
                0x0000000008005530                HAL_I2C_Master_Transmit
 .text.I2C_Flush_TXDR
                0x0000000008005718       0x48 Drivers/STM32WBxx_HAL_Driver/Src/stm32wbxx_hal_i2c.o
 .text.I2C_WaitOnFlagUntilTimeout
                0x0000000008005760       0x80 Drivers/STM32WBxx_HAL_Driver/Src/stm32wbxx_hal_i2c.o
 .text.I2C_WaitOnTXISFlagUntilTimeout
                0x00000000080057e0       0x80 Drivers/STM32WBxx_HAL_Driver/Src/stm32wbxx_hal_i2c.o
 .text.I2C_WaitOnSTOPFlagUntilTimeout
                0x0000000008005860       0x78 Drivers/STM32WBxx_HAL_Driver/Src/stm32wbxx_hal_i2c.o
 .text.I2C_IsAcknowledgeFailed
                0x00000000080058d8       0xcc Drivers/STM32WBxx_HAL_Driver/Src/stm32wbxx_hal_i2c.o
 .text.I2C_TransferConfig
                0x00000000080059a4       0x5c Drivers/STM32WBxx_HAL_Driver/Src/stm32wbxx_hal_i2c.o
 .text.HAL_I2CEx_ConfigAnalogFilter
                0x0000000008005a00       0x96 Drivers/STM32WBxx_HAL_Driver/Src/stm32wbxx_hal_i2c_ex.o
                0x0000000008005a00                HAL_I2CEx_ConfigAnalogFilter
 .text.HAL_I2CEx_ConfigDigitalFilter
                0x0000000008005a96       0x98 Drivers/STM32WBxx_HAL_Driver/Src/stm32wbxx_hal_i2c_ex.o
                0x0000000008005a96                HAL_I2CEx_ConfigDigitalFilter
 .text.HAL_PCD_Init
                0x0000000008005b2e      0x1ca Drivers/STM32WBxx_HAL_Driver/Src/stm32wbxx_hal_pcd.o
                0x0000000008005b2e                HAL_PCD_Init
 .text.HAL_PCDEx_ActivateLPM
                0x0000000008005cf8       0x54 Drivers/STM32WBxx_HAL_Driver/Src/stm32wbxx_hal_pcd_ex.o
                0x0000000008005cf8                HAL_PCDEx_ActivateLPM
 .text.HAL_PWR_EnableBkUpAccess
                0x0000000008005d4c       0x20 Drivers/STM32WBxx_HAL_Driver/Src/stm32wbxx_hal_pwr.o
                0x0000000008005d4c                HAL_PWR_EnableBkUpAccess
 .text.HAL_PWREx_GetVoltageRange
                0x0000000008005d6c       0x1c Drivers/STM32WBxx_HAL_Driver/Src/stm32wbxx_hal_pwr_ex.o
                0x0000000008005d6c                HAL_PWREx_GetVoltageRange
 .text.LL_RCC_HSE_IsEnabledDiv2
                0x0000000008005d88       0x24 Drivers/STM32WBxx_HAL_Driver/Src/stm32wbxx_hal_rcc.o
 .text.LL_RCC_HSE_Enable
                0x0000000008005dac       0x1e Drivers/STM32WBxx_HAL_Driver/Src/stm32wbxx_hal_rcc.o
 .text.LL_RCC_HSE_Disable
                0x0000000008005dca       0x1e Drivers/STM32WBxx_HAL_Driver/Src/stm32wbxx_hal_rcc.o
 .text.LL_RCC_HSE_IsReady
                0x0000000008005de8       0x24 Drivers/STM32WBxx_HAL_Driver/Src/stm32wbxx_hal_rcc.o
 .text.LL_RCC_HSI_Enable
                0x0000000008005e0c       0x1e Drivers/STM32WBxx_HAL_Driver/Src/stm32wbxx_hal_rcc.o
 .text.LL_RCC_HSI_Disable
                0x0000000008005e2a       0x1e Drivers/STM32WBxx_HAL_Driver/Src/stm32wbxx_hal_rcc.o
 .text.LL_RCC_HSI_IsReady
                0x0000000008005e48       0x24 Drivers/STM32WBxx_HAL_Driver/Src/stm32wbxx_hal_rcc.o
 .text.LL_RCC_HSI_SetCalibTrimming
                0x0000000008005e6c       0x2a Drivers/STM32WBxx_HAL_Driver/Src/stm32wbxx_hal_rcc.o
 .text.LL_RCC_HSI48_Enable
                0x0000000008005e96       0x22 Drivers/STM32WBxx_HAL_Driver/Src/stm32wbxx_hal_rcc.o
 .text.LL_RCC_HSI48_Disable
                0x0000000008005eb8       0x22 Drivers/STM32WBxx_HAL_Driver/Src/stm32wbxx_hal_rcc.o
 .text.LL_RCC_HSI48_IsReady
                0x0000000008005eda       0x24 Drivers/STM32WBxx_HAL_Driver/Src/stm32wbxx_hal_rcc.o
 .text.LL_RCC_LSE_Enable
                0x0000000008005efe       0x22 Drivers/STM32WBxx_HAL_Driver/Src/stm32wbxx_hal_rcc.o
 .text.LL_RCC_LSE_Disable
                0x0000000008005f20       0x22 Drivers/STM32WBxx_HAL_Driver/Src/stm32wbxx_hal_rcc.o
 .text.LL_RCC_LSE_EnableBypass
                0x0000000008005f42       0x22 Drivers/STM32WBxx_HAL_Driver/Src/stm32wbxx_hal_rcc.o
 .text.LL_RCC_LSE_DisableBypass
                0x0000000008005f64       0x22 Drivers/STM32WBxx_HAL_Driver/Src/stm32wbxx_hal_rcc.o
 .text.LL_RCC_LSE_IsReady
                0x0000000008005f86       0x24 Drivers/STM32WBxx_HAL_Driver/Src/stm32wbxx_hal_rcc.o
 .text.LL_RCC_LSI1_Enable
                0x0000000008005faa       0x22 Drivers/STM32WBxx_HAL_Driver/Src/stm32wbxx_hal_rcc.o
 .text.LL_RCC_LSI1_Disable
                0x0000000008005fcc       0x22 Drivers/STM32WBxx_HAL_Driver/Src/stm32wbxx_hal_rcc.o
 .text.LL_RCC_LSI1_IsReady
                0x0000000008005fee       0x24 Drivers/STM32WBxx_HAL_Driver/Src/stm32wbxx_hal_rcc.o
 .text.LL_RCC_LSI2_Enable
                0x0000000008006012       0x22 Drivers/STM32WBxx_HAL_Driver/Src/stm32wbxx_hal_rcc.o
 .text.LL_RCC_LSI2_Disable
                0x0000000008006034       0x22 Drivers/STM32WBxx_HAL_Driver/Src/stm32wbxx_hal_rcc.o
 .text.LL_RCC_LSI2_IsReady
                0x0000000008006056       0x24 Drivers/STM32WBxx_HAL_Driver/Src/stm32wbxx_hal_rcc.o
 .text.LL_RCC_LSI2_SetTrimming
                0x000000000800607a       0x2e Drivers/STM32WBxx_HAL_Driver/Src/stm32wbxx_hal_rcc.o
 .text.LL_RCC_MSI_Enable
                0x00000000080060a8       0x1e Drivers/STM32WBxx_HAL_Driver/Src/stm32wbxx_hal_rcc.o
 .text.LL_RCC_MSI_Disable
                0x00000000080060c6       0x1e Drivers/STM32WBxx_HAL_Driver/Src/stm32wbxx_hal_rcc.o
 .text.LL_RCC_MSI_IsReady
                0x00000000080060e4       0x22 Drivers/STM32WBxx_HAL_Driver/Src/stm32wbxx_hal_rcc.o
 .text.LL_RCC_MSI_SetRange
                0x0000000008006106       0x28 Drivers/STM32WBxx_HAL_Driver/Src/stm32wbxx_hal_rcc.o
 .text.LL_RCC_MSI_GetRange
                0x000000000800612e       0x2a Drivers/STM32WBxx_HAL_Driver/Src/stm32wbxx_hal_rcc.o
 .text.LL_RCC_MSI_SetCalibTrimming
                0x0000000008006158       0x2a Drivers/STM32WBxx_HAL_Driver/Src/stm32wbxx_hal_rcc.o
 .text.LL_RCC_SetSysClkSource
                0x0000000008006182       0x28 Drivers/STM32WBxx_HAL_Driver/Src/stm32wbxx_hal_rcc.o
 .text.LL_RCC_GetSysClkSource
                0x00000000080061aa       0x18 Drivers/STM32WBxx_HAL_Driver/Src/stm32wbxx_hal_rcc.o
 .text.LL_RCC_SetAHBPrescaler
                0x00000000080061c2       0x28 Drivers/STM32WBxx_HAL_Driver/Src/stm32wbxx_hal_rcc.o
 .text.LL_C2_RCC_SetAHBPrescaler
                0x00000000080061ea       0x2c Drivers/STM32WBxx_HAL_Driver/Src/stm32wbxx_hal_rcc.o
 .text.LL_RCC_SetAHB4Prescaler
                0x0000000008006216       0x2e Drivers/STM32WBxx_HAL_Driver/Src/stm32wbxx_hal_rcc.o
 .text.LL_RCC_SetAPB1Prescaler
                0x0000000008006244       0x28 Drivers/STM32WBxx_HAL_Driver/Src/stm32wbxx_hal_rcc.o
 .text.LL_RCC_SetAPB2Prescaler
                0x000000000800626c       0x28 Drivers/STM32WBxx_HAL_Driver/Src/stm32wbxx_hal_rcc.o
 .text.LL_RCC_GetAHBPrescaler
                0x0000000008006294       0x18 Drivers/STM32WBxx_HAL_Driver/Src/stm32wbxx_hal_rcc.o
 .text.LL_C2_RCC_GetAHBPrescaler
                0x00000000080062ac       0x1a Drivers/STM32WBxx_HAL_Driver/Src/stm32wbxx_hal_rcc.o
 .text.LL_RCC_GetAHB4Prescaler
                0x00000000080062c6       0x1c Drivers/STM32WBxx_HAL_Driver/Src/stm32wbxx_hal_rcc.o
 .text.LL_RCC_GetAPB1Prescaler
                0x00000000080062e2       0x18 Drivers/STM32WBxx_HAL_Driver/Src/stm32wbxx_hal_rcc.o
 .text.LL_RCC_GetAPB2Prescaler
                0x00000000080062fa       0x18 Drivers/STM32WBxx_HAL_Driver/Src/stm32wbxx_hal_rcc.o
 .text.LL_RCC_PLL_Enable
                0x0000000008006312       0x1e Drivers/STM32WBxx_HAL_Driver/Src/stm32wbxx_hal_rcc.o
 .text.LL_RCC_PLL_Disable
                0x0000000008006330       0x1e Drivers/STM32WBxx_HAL_Driver/Src/stm32wbxx_hal_rcc.o
 .text.LL_RCC_PLL_IsReady
                0x000000000800634e       0x24 Drivers/STM32WBxx_HAL_Driver/Src/stm32wbxx_hal_rcc.o
 .text.LL_RCC_PLL_GetN
                0x0000000008006372       0x1a Drivers/STM32WBxx_HAL_Driver/Src/stm32wbxx_hal_rcc.o
 .text.LL_RCC_PLL_GetR
                0x000000000800638c       0x18 Drivers/STM32WBxx_HAL_Driver/Src/stm32wbxx_hal_rcc.o
 .text.LL_RCC_PLL_GetDivider
                0x00000000080063a4       0x18 Drivers/STM32WBxx_HAL_Driver/Src/stm32wbxx_hal_rcc.o
 .text.LL_RCC_PLL_GetMainSource
                0x00000000080063bc       0x18 Drivers/STM32WBxx_HAL_Driver/Src/stm32wbxx_hal_rcc.o
 .text.LL_RCC_IsActiveFlag_HPRE
                0x00000000080063d4       0x24 Drivers/STM32WBxx_HAL_Driver/Src/stm32wbxx_hal_rcc.o
 .text.LL_RCC_IsActiveFlag_C2HPRE
                0x00000000080063f8       0x26 Drivers/STM32WBxx_HAL_Driver/Src/stm32wbxx_hal_rcc.o
 .text.LL_RCC_IsActiveFlag_SHDHPRE
                0x000000000800641e       0x26 Drivers/STM32WBxx_HAL_Driver/Src/stm32wbxx_hal_rcc.o
 .text.LL_RCC_IsActiveFlag_PPRE1
                0x0000000008006444       0x24 Drivers/STM32WBxx_HAL_Driver/Src/stm32wbxx_hal_rcc.o
 .text.LL_RCC_IsActiveFlag_PPRE2
                0x0000000008006468       0x24 Drivers/STM32WBxx_HAL_Driver/Src/stm32wbxx_hal_rcc.o
 .text.HAL_RCC_OscConfig
                0x000000000800648c      0x718 Drivers/STM32WBxx_HAL_Driver/Src/stm32wbxx_hal_rcc.o
                0x000000000800648c                HAL_RCC_OscConfig
 .text.HAL_RCC_ClockConfig
                0x0000000008006ba4      0x280 Drivers/STM32WBxx_HAL_Driver/Src/stm32wbxx_hal_rcc.o
                0x0000000008006ba4                HAL_RCC_ClockConfig
 .text.HAL_RCC_GetSysClockFreq
                0x0000000008006e24       0xd8 Drivers/STM32WBxx_HAL_Driver/Src/stm32wbxx_hal_rcc.o
                0x0000000008006e24                HAL_RCC_GetSysClockFreq
 .text.HAL_RCC_GetHCLKFreq
                0x0000000008006efc       0x28 Drivers/STM32WBxx_HAL_Driver/Src/stm32wbxx_hal_rcc.o
                0x0000000008006efc                HAL_RCC_GetHCLKFreq
 .text.HAL_RCC_GetPCLK1Freq
                0x0000000008006f24       0x2c Drivers/STM32WBxx_HAL_Driver/Src/stm32wbxx_hal_rcc.o
                0x0000000008006f24                HAL_RCC_GetPCLK1Freq
 .text.HAL_RCC_GetPCLK2Freq
                0x0000000008006f50       0x2c Drivers/STM32WBxx_HAL_Driver/Src/stm32wbxx_hal_rcc.o
                0x0000000008006f50                HAL_RCC_GetPCLK2Freq
 .text.HAL_RCC_GetClockConfig
                0x0000000008006f7c       0x64 Drivers/STM32WBxx_HAL_Driver/Src/stm32wbxx_hal_rcc.o
                0x0000000008006f7c                HAL_RCC_GetClockConfig
 .text.RCC_SetFlashLatencyFromMSIRange
                0x0000000008006fe0       0x70 Drivers/STM32WBxx_HAL_Driver/Src/stm32wbxx_hal_rcc.o
 .text.RCC_SetFlashLatency
                0x0000000008007050      0x100 Drivers/STM32WBxx_HAL_Driver/Src/stm32wbxx_hal_rcc.o
 .text.LL_RCC_LSE_IsEnabled
                0x0000000008007150       0x24 Drivers/STM32WBxx_HAL_Driver/Src/stm32wbxx_hal_rcc_ex.o
 .text.LL_RCC_LSE_IsReady
                0x0000000008007174       0x24 Drivers/STM32WBxx_HAL_Driver/Src/stm32wbxx_hal_rcc_ex.o
 .text.LL_RCC_MSI_EnablePLLMode
                0x0000000008007198       0x1e Drivers/STM32WBxx_HAL_Driver/Src/stm32wbxx_hal_rcc_ex.o
 .text.LL_RCC_SetRFWKPClockSource
                0x00000000080071b6       0x2c Drivers/STM32WBxx_HAL_Driver/Src/stm32wbxx_hal_rcc_ex.o
 .text.LL_RCC_SetSMPSClockSource
                0x00000000080071e2       0x28 Drivers/STM32WBxx_HAL_Driver/Src/stm32wbxx_hal_rcc_ex.o
 .text.LL_RCC_SetSMPSPrescaler
                0x000000000800720a       0x28 Drivers/STM32WBxx_HAL_Driver/Src/stm32wbxx_hal_rcc_ex.o
 .text.LL_RCC_SetUSARTClockSource
                0x0000000008007232       0x2c Drivers/STM32WBxx_HAL_Driver/Src/stm32wbxx_hal_rcc_ex.o
 .text.LL_RCC_SetLPUARTClockSource
                0x000000000800725e       0x2c Drivers/STM32WBxx_HAL_Driver/Src/stm32wbxx_hal_rcc_ex.o
 .text.LL_RCC_SetI2CClockSource
                0x000000000800728a       0x3a Drivers/STM32WBxx_HAL_Driver/Src/stm32wbxx_hal_rcc_ex.o
 .text.LL_RCC_SetLPTIMClockSource
                0x00000000080072c4       0x34 Drivers/STM32WBxx_HAL_Driver/Src/stm32wbxx_hal_rcc_ex.o
 .text.LL_RCC_SetSAIClockSource
                0x00000000080072f8       0x2c Drivers/STM32WBxx_HAL_Driver/Src/stm32wbxx_hal_rcc_ex.o
 .text.LL_RCC_SetRNGClockSource
                0x0000000008007324       0x2c Drivers/STM32WBxx_HAL_Driver/Src/stm32wbxx_hal_rcc_ex.o
 .text.LL_RCC_SetCLK48ClockSource
                0x0000000008007350       0x2c Drivers/STM32WBxx_HAL_Driver/Src/stm32wbxx_hal_rcc_ex.o
 .text.LL_RCC_SetUSBClockSource
                0x000000000800737c       0x16 Drivers/STM32WBxx_HAL_Driver/Src/stm32wbxx_hal_rcc_ex.o
 .text.LL_RCC_SetADCClockSource
                0x0000000008007392       0x2c Drivers/STM32WBxx_HAL_Driver/Src/stm32wbxx_hal_rcc_ex.o
 .text.LL_RCC_SetRTCClockSource
                0x00000000080073be       0x2c Drivers/STM32WBxx_HAL_Driver/Src/stm32wbxx_hal_rcc_ex.o
 .text.LL_RCC_GetRTCClockSource
                0x00000000080073ea       0x1a Drivers/STM32WBxx_HAL_Driver/Src/stm32wbxx_hal_rcc_ex.o
 .text.LL_RCC_ForceBackupDomainReset
                0x0000000008007404       0x22 Drivers/STM32WBxx_HAL_Driver/Src/stm32wbxx_hal_rcc_ex.o
 .text.LL_RCC_ReleaseBackupDomainReset
                0x0000000008007426       0x22 Drivers/STM32WBxx_HAL_Driver/Src/stm32wbxx_hal_rcc_ex.o
 .text.LL_RCC_PLLSAI1_Enable
                0x0000000008007448       0x1e Drivers/STM32WBxx_HAL_Driver/Src/stm32wbxx_hal_rcc_ex.o
 .text.LL_RCC_PLLSAI1_Disable
                0x0000000008007466       0x1e Drivers/STM32WBxx_HAL_Driver/Src/stm32wbxx_hal_rcc_ex.o
 .text.LL_RCC_PLLSAI1_IsReady
                0x0000000008007484       0x24 Drivers/STM32WBxx_HAL_Driver/Src/stm32wbxx_hal_rcc_ex.o
 .text.HAL_RCCEx_PeriphCLKConfig
                0x00000000080074a8      0x2ec Drivers/STM32WBxx_HAL_Driver/Src/stm32wbxx_hal_rcc_ex.o
                0x00000000080074a8                HAL_RCCEx_PeriphCLKConfig
 .text.HAL_RCCEx_EnableMSIPLLMode
                0x0000000008007794        0xc Drivers/STM32WBxx_HAL_Driver/Src/stm32wbxx_hal_rcc_ex.o
                0x0000000008007794                HAL_RCCEx_EnableMSIPLLMode
 .text.RCCEx_PLLSAI1_ConfigNP
                0x00000000080077a0       0xb6 Drivers/STM32WBxx_HAL_Driver/Src/stm32wbxx_hal_rcc_ex.o
 .text.RCCEx_PLLSAI1_ConfigNQ
                0x0000000008007856       0xb6 Drivers/STM32WBxx_HAL_Driver/Src/stm32wbxx_hal_rcc_ex.o
 .text.RCCEx_PLLSAI1_ConfigNR
                0x000000000800790c       0xb6 Drivers/STM32WBxx_HAL_Driver/Src/stm32wbxx_hal_rcc_ex.o
 .text.HAL_SPI_Init
                0x00000000080079c2      0x146 Drivers/STM32WBxx_HAL_Driver/Src/stm32wbxx_hal_spi.o
                0x00000000080079c2                HAL_SPI_Init
 .text.HAL_TIM_Base_Init
                0x0000000008007b08       0xae Drivers/STM32WBxx_HAL_Driver/Src/stm32wbxx_hal_tim.o
                0x0000000008007b08                HAL_TIM_Base_Init
 .text.HAL_TIM_Base_MspInit
                0x0000000008007bb6       0x14 Drivers/STM32WBxx_HAL_Driver/Src/stm32wbxx_hal_tim.o
                0x0000000008007bb6                HAL_TIM_Base_MspInit
 *fill*         0x0000000008007bca        0x2 
 .text.HAL_TIM_Base_Start_IT
                0x0000000008007bcc       0x9c Drivers/STM32WBxx_HAL_Driver/Src/stm32wbxx_hal_tim.o
                0x0000000008007bcc                HAL_TIM_Base_Start_IT
 .text.HAL_TIM_IRQHandler
                0x0000000008007c68      0x23e Drivers/STM32WBxx_HAL_Driver/Src/stm32wbxx_hal_tim.o
                0x0000000008007c68                HAL_TIM_IRQHandler
 .text.HAL_TIM_OC_DelayElapsedCallback
                0x0000000008007ea6       0x14 Drivers/STM32WBxx_HAL_Driver/Src/stm32wbxx_hal_tim.o
                0x0000000008007ea6                HAL_TIM_OC_DelayElapsedCallback
 .text.HAL_TIM_IC_CaptureCallback
                0x0000000008007eba       0x14 Drivers/STM32WBxx_HAL_Driver/Src/stm32wbxx_hal_tim.o
                0x0000000008007eba                HAL_TIM_IC_CaptureCallback
 .text.HAL_TIM_PWM_PulseFinishedCallback
                0x0000000008007ece       0x14 Drivers/STM32WBxx_HAL_Driver/Src/stm32wbxx_hal_tim.o
                0x0000000008007ece                HAL_TIM_PWM_PulseFinishedCallback
 .text.HAL_TIM_TriggerCallback
                0x0000000008007ee2       0x14 Drivers/STM32WBxx_HAL_Driver/Src/stm32wbxx_hal_tim.o
                0x0000000008007ee2                HAL_TIM_TriggerCallback
 *fill*         0x0000000008007ef6        0x2 
 .text.TIM_Base_SetConfig
                0x0000000008007ef8       0xc8 Drivers/STM32WBxx_HAL_Driver/Src/stm32wbxx_hal_tim.o
                0x0000000008007ef8                TIM_Base_SetConfig
 .text.HAL_TIMEx_CommutCallback
                0x0000000008007fc0       0x14 Drivers/STM32WBxx_HAL_Driver/Src/stm32wbxx_hal_tim_ex.o
                0x0000000008007fc0                HAL_TIMEx_CommutCallback
 .text.HAL_TIMEx_BreakCallback
                0x0000000008007fd4       0x14 Drivers/STM32WBxx_HAL_Driver/Src/stm32wbxx_hal_tim_ex.o
                0x0000000008007fd4                HAL_TIMEx_BreakCallback
 .text.HAL_TIMEx_Break2Callback
                0x0000000008007fe8       0x14 Drivers/STM32WBxx_HAL_Driver/Src/stm32wbxx_hal_tim_ex.o
                0x0000000008007fe8                HAL_TIMEx_Break2Callback
 .text.LL_RCC_GetUSARTClockSource
                0x0000000008007ffc       0x20 Drivers/STM32WBxx_HAL_Driver/Src/stm32wbxx_hal_uart.o
 .text.LL_RCC_GetLPUARTClockSource
                0x000000000800801c       0x20 Drivers/STM32WBxx_HAL_Driver/Src/stm32wbxx_hal_uart.o
 .text.HAL_UART_Init
                0x000000000800803c       0xa0 Drivers/STM32WBxx_HAL_Driver/Src/stm32wbxx_hal_uart.o
                0x000000000800803c                HAL_UART_Init
 .text.UART_SetConfig
                0x00000000080080dc      0x40c Drivers/STM32WBxx_HAL_Driver/Src/stm32wbxx_hal_uart.o
                0x00000000080080dc                UART_SetConfig
 .text.UART_AdvFeatureConfig
                0x00000000080084e8      0x144 Drivers/STM32WBxx_HAL_Driver/Src/stm32wbxx_hal_uart.o
                0x00000000080084e8                UART_AdvFeatureConfig
 .text.UART_CheckIdleState
                0x000000000800862c       0x96 Drivers/STM32WBxx_HAL_Driver/Src/stm32wbxx_hal_uart.o
                0x000000000800862c                UART_CheckIdleState
 .text.UART_WaitOnFlagUntilTimeout
                0x00000000080086c2      0x100 Drivers/STM32WBxx_HAL_Driver/Src/stm32wbxx_hal_uart.o
                0x00000000080086c2                UART_WaitOnFlagUntilTimeout
 .text.HAL_UARTEx_DisableFifoMode
                0x00000000080087c2       0x72 Drivers/STM32WBxx_HAL_Driver/Src/stm32wbxx_hal_uart_ex.o
                0x00000000080087c2                HAL_UARTEx_DisableFifoMode
 .text.HAL_UARTEx_SetTxFifoThreshold
                0x0000000008008834       0x7c Drivers/STM32WBxx_HAL_Driver/Src/stm32wbxx_hal_uart_ex.o
                0x0000000008008834                HAL_UARTEx_SetTxFifoThreshold
 .text.HAL_UARTEx_SetRxFifoThreshold
                0x00000000080088b0       0x7c Drivers/STM32WBxx_HAL_Driver/Src/stm32wbxx_hal_uart_ex.o
                0x00000000080088b0                HAL_UARTEx_SetRxFifoThreshold
 .text.UARTEx_SetNbDataToProcess
                0x000000000800892c       0x9c Drivers/STM32WBxx_HAL_Driver/Src/stm32wbxx_hal_uart_ex.o
 .text.USB_DisableGlobalInt
                0x00000000080089c8       0x36 Drivers/STM32WBxx_HAL_Driver/Src/stm32wbxx_ll_usb.o
                0x00000000080089c8                USB_DisableGlobalInt
 .text.USB_DevInit
                0x00000000080089fe       0x42 Drivers/STM32WBxx_HAL_Driver/Src/stm32wbxx_ll_usb.o
                0x00000000080089fe                USB_DevInit
 .text.makeFreeRtosPriority
                0x0000000008008a40       0x30 Middlewares/Third_Party/FreeRTOS/Source/CMSIS_RTOS/cmsis_os.o
 .text.osKernelStart
                0x0000000008008a70        0xe Middlewares/Third_Party/FreeRTOS/Source/CMSIS_RTOS/cmsis_os.o
                0x0000000008008a70                osKernelStart
 .text.osThreadCreate
                0x0000000008008a7e       0x4e Middlewares/Third_Party/FreeRTOS/Source/CMSIS_RTOS/cmsis_os.o
                0x0000000008008a7e                osThreadCreate
 .text.osDelay  0x0000000008008acc       0x28 Middlewares/Third_Party/FreeRTOS/Source/CMSIS_RTOS/cmsis_os.o
                0x0000000008008acc                osDelay
 .text.vListInitialise
                0x0000000008008af4       0x40 Middlewares/Third_Party/FreeRTOS/Source/list.o
                0x0000000008008af4                vListInitialise
 .text.vListInitialiseItem
                0x0000000008008b34       0x1a Middlewares/Third_Party/FreeRTOS/Source/list.o
                0x0000000008008b34                vListInitialiseItem
 .text.vListInsertEnd
                0x0000000008008b4e       0x48 Middlewares/Third_Party/FreeRTOS/Source/list.o
                0x0000000008008b4e                vListInsertEnd
 .text.vListInsert
                0x0000000008008b96       0x72 Middlewares/Third_Party/FreeRTOS/Source/list.o
                0x0000000008008b96                vListInsert
 .text.uxListRemove
                0x0000000008008c08       0x54 Middlewares/Third_Party/FreeRTOS/Source/list.o
                0x0000000008008c08                uxListRemove
 .text.xTaskCreate
                0x0000000008008c5c       0x82 Middlewares/Third_Party/FreeRTOS/Source/tasks.o
                0x0000000008008c5c                xTaskCreate
 *fill*         0x0000000008008cde        0x2 
 .text.prvInitialiseNewTask
                0x0000000008008ce0      0x14c Middlewares/Third_Party/FreeRTOS/Source/tasks.o
 .text.prvAddNewTaskToReadyList
                0x0000000008008e2c      0x1a4 Middlewares/Third_Party/FreeRTOS/Source/tasks.o
 .text.vTaskDelayUntil
                0x0000000008008fd0      0x16c Middlewares/Third_Party/FreeRTOS/Source/tasks.o
                0x0000000008008fd0                vTaskDelayUntil
 .text.vTaskDelay
                0x000000000800913c       0xd8 Middlewares/Third_Party/FreeRTOS/Source/tasks.o
                0x000000000800913c                vTaskDelay
 .text.vTaskStartScheduler
                0x0000000008009214       0xe8 Middlewares/Third_Party/FreeRTOS/Source/tasks.o
                0x0000000008009214                vTaskStartScheduler
 .text.vTaskSuspendAll
                0x00000000080092fc       0x1c Middlewares/Third_Party/FreeRTOS/Source/tasks.o
                0x00000000080092fc                vTaskSuspendAll
 .text.xTaskResumeAll
                0x0000000008009318      0x164 Middlewares/Third_Party/FreeRTOS/Source/tasks.o
                0x0000000008009318                xTaskResumeAll
 .text.xTaskGetTickCount
                0x000000000800947c       0x20 Middlewares/Third_Party/FreeRTOS/Source/tasks.o
                0x000000000800947c                xTaskGetTickCount
 .text.xTaskIncrementTick
                0x000000000800949c      0x1d4 Middlewares/Third_Party/FreeRTOS/Source/tasks.o
                0x000000000800949c                xTaskIncrementTick
 .text.vTaskSwitchContext
                0x0000000008009670      0x108 Middlewares/Third_Party/FreeRTOS/Source/tasks.o
                0x0000000008009670                vTaskSwitchContext
 .text.uxTaskGetTaskNumber
                0x0000000008009778       0x2c Middlewares/Third_Party/FreeRTOS/Source/tasks.o
                0x0000000008009778                uxTaskGetTaskNumber
 .text.vTaskSetTaskNumber
                0x00000000080097a4       0x26 Middlewares/Third_Party/FreeRTOS/Source/tasks.o
                0x00000000080097a4                vTaskSetTaskNumber
 *fill*         0x00000000080097ca        0x2 
 .text.prvIdleTask
                0x00000000080097cc       0x30 Middlewares/Third_Party/FreeRTOS/Source/tasks.o
 .text.prvInitialiseTaskLists
                0x00000000080097fc       0x80 Middlewares/Third_Party/FreeRTOS/Source/tasks.o
 .text.prvCheckTasksWaitingTermination
                0x000000000800987c       0x5c Middlewares/Third_Party/FreeRTOS/Source/tasks.o
 .text.prvDeleteTCB
                0x00000000080098d8       0x2a Middlewares/Third_Party/FreeRTOS/Source/tasks.o
 *fill*         0x0000000008009902        0x2 
 .text.prvResetNextTaskUnblockTime
                0x0000000008009904       0x40 Middlewares/Third_Party/FreeRTOS/Source/tasks.o
 .text.xTaskGetCurrentTaskHandle
                0x0000000008009944       0x20 Middlewares/Third_Party/FreeRTOS/Source/tasks.o
                0x0000000008009944                xTaskGetCurrentTaskHandle
 .text.prvAddCurrentTaskToDelayedList
                0x0000000008009964       0xcc Middlewares/Third_Party/FreeRTOS/Source/tasks.o
 .text.pxPortInitialiseStack
                0x0000000008009a30       0x68 Middlewares/Third_Party/FreeRTOS/Source/portable/GCC/ARM_CM4F/port.o
                0x0000000008009a30                pxPortInitialiseStack
 .text.prvTaskExitError
                0x0000000008009a98       0x58 Middlewares/Third_Party/FreeRTOS/Source/portable/GCC/ARM_CM4F/port.o
 .text.SVC_Handler
                0x0000000008009af0       0x28 Middlewares/Third_Party/FreeRTOS/Source/portable/GCC/ARM_CM4F/port.o
                0x0000000008009af0                SVC_Handler
 .text.prvPortStartFirstTask
                0x0000000008009b18       0x28 Middlewares/Third_Party/FreeRTOS/Source/portable/GCC/ARM_CM4F/port.o
 .text.xPortStartScheduler
                0x0000000008009b40      0x164 Middlewares/Third_Party/FreeRTOS/Source/portable/GCC/ARM_CM4F/port.o
                0x0000000008009b40                xPortStartScheduler
 .text.vPortEnterCritical
                0x0000000008009ca4       0x60 Middlewares/Third_Party/FreeRTOS/Source/portable/GCC/ARM_CM4F/port.o
                0x0000000008009ca4                vPortEnterCritical
 .text.vPortExitCritical
                0x0000000008009d04       0x54 Middlewares/Third_Party/FreeRTOS/Source/portable/GCC/ARM_CM4F/port.o
                0x0000000008009d04                vPortExitCritical
 *fill*         0x0000000008009d58        0x8 
 .text.PendSV_Handler
                0x0000000008009d60       0x68 Middlewares/Third_Party/FreeRTOS/Source/portable/GCC/ARM_CM4F/port.o
                0x0000000008009d60                PendSV_Handler
 .text.SysTick_Handler
                0x0000000008009dc8       0x44 Middlewares/Third_Party/FreeRTOS/Source/portable/GCC/ARM_CM4F/port.o
                0x0000000008009dc8                SysTick_Handler
 .text.vPortSetupTimerInterrupt
                0x0000000008009e0c       0x48 Middlewares/Third_Party/FreeRTOS/Source/portable/GCC/ARM_CM4F/port.o
                0x0000000008009e0c                vPortSetupTimerInterrupt
 .text.vPortEnableVFP
                0x0000000008009e54       0x14 Middlewares/Third_Party/FreeRTOS/Source/portable/GCC/ARM_CM4F/port.o
 .text.pvPortMalloc
                0x0000000008009e68      0x1b8 Middlewares/Third_Party/FreeRTOS/Source/portable/MemMang/heap_4.o
                0x0000000008009e68                pvPortMalloc
 .text.vPortFree
                0x000000000800a020       0xd4 Middlewares/Third_Party/FreeRTOS/Source/portable/MemMang/heap_4.o
                0x000000000800a020                vPortFree
 .text.prvHeapInit
                0x000000000800a0f4       0xc4 Middlewares/Third_Party/FreeRTOS/Source/portable/MemMang/heap_4.o
 .text.prvInsertBlockIntoFreeList
                0x000000000800a1b8       0xb4 Middlewares/Third_Party/FreeRTOS/Source/portable/MemMang/heap_4.o
 .text.__libc_init_array
                0x000000000800a26c       0x48 c:/st/stm32cubeide_1.6.0/stm32cubeide/plugins/com.st.stm32cube.ide.mcu.externaltools.gnu-tools-for-stm32.9-2020-q2-update.win32_1.5.0.202011040924/tools/bin/../lib/gcc/arm-none-eabi/9.3.1/../../../../arm-none-eabi/lib/thumb/v7e-m+fp/hard\libc_nano.a(lib_a-init.o)
                0x000000000800a26c                __libc_init_array
 .text.__retarget_lock_acquire_recursive
                0x000000000800a2b4        0x2 c:/st/stm32cubeide_1.6.0/stm32cubeide/plugins/com.st.stm32cube.ide.mcu.externaltools.gnu-tools-for-stm32.9-2020-q2-update.win32_1.5.0.202011040924/tools/bin/../lib/gcc/arm-none-eabi/9.3.1/../../../../arm-none-eabi/lib/thumb/v7e-m+fp/hard\libc_nano.a(lib_a-lock.o)
                0x000000000800a2b4                __retarget_lock_acquire_recursive
 .text.__retarget_lock_release_recursive
                0x000000000800a2b6        0x2 c:/st/stm32cubeide_1.6.0/stm32cubeide/plugins/com.st.stm32cube.ide.mcu.externaltools.gnu-tools-for-stm32.9-2020-q2-update.win32_1.5.0.202011040924/tools/bin/../lib/gcc/arm-none-eabi/9.3.1/../../../../arm-none-eabi/lib/thumb/v7e-m+fp/hard\libc_nano.a(lib_a-lock.o)
                0x000000000800a2b6                __retarget_lock_release_recursive
 .text.memcpy   0x000000000800a2b8       0x1c c:/st/stm32cubeide_1.6.0/stm32cubeide/plugins/com.st.stm32cube.ide.mcu.externaltools.gnu-tools-for-stm32.9-2020-q2-update.win32_1.5.0.202011040924/tools/bin/../lib/gcc/arm-none-eabi/9.3.1/../../../../arm-none-eabi/lib/thumb/v7e-m+fp/hard\libc_nano.a(lib_a-memcpy-stub.o)
                0x000000000800a2b8                memcpy
 .text.memset   0x000000000800a2d4       0x10 c:/st/stm32cubeide_1.6.0/stm32cubeide/plugins/com.st.stm32cube.ide.mcu.externaltools.gnu-tools-for-stm32.9-2020-q2-update.win32_1.5.0.202011040924/tools/bin/../lib/gcc/arm-none-eabi/9.3.1/../../../../arm-none-eabi/lib/thumb/v7e-m+fp/hard\libc_nano.a(lib_a-memset.o)
                0x000000000800a2d4                memset
 .text.cleanup_glue
                0x000000000800a2e4       0x1a c:/st/stm32cubeide_1.6.0/stm32cubeide/plugins/com.st.stm32cube.ide.mcu.externaltools.gnu-tools-for-stm32.9-2020-q2-update.win32_1.5.0.202011040924/tools/bin/../lib/gcc/arm-none-eabi/9.3.1/../../../../arm-none-eabi/lib/thumb/v7e-m+fp/hard\libc_nano.a(lib_a-reent.o)
                0x000000000800a2e4                cleanup_glue
 *fill*         0x000000000800a2fe        0x2 
 .text._reclaim_reent
                0x000000000800a300       0xb8 c:/st/stm32cubeide_1.6.0/stm32cubeide/plugins/com.st.stm32cube.ide.mcu.externaltools.gnu-tools-for-stm32.9-2020-q2-update.win32_1.5.0.202011040924/tools/bin/../lib/gcc/arm-none-eabi/9.3.1/../../../../arm-none-eabi/lib/thumb/v7e-m+fp/hard\libc_nano.a(lib_a-reent.o)
                0x000000000800a300                _reclaim_reent
 .text.strncmp  0x000000000800a3b8       0x24 c:/st/stm32cubeide_1.6.0/stm32cubeide/plugins/com.st.stm32cube.ide.mcu.externaltools.gnu-tools-for-stm32.9-2020-q2-update.win32_1.5.0.202011040924/tools/bin/../lib/gcc/arm-none-eabi/9.3.1/../../../../arm-none-eabi/lib/thumb/v7e-m+fp/hard\libc_nano.a(lib_a-strncmp.o)
                0x000000000800a3b8                strncmp
 .text.__malloc_lock
                0x000000000800a3dc        0xc c:/st/stm32cubeide_1.6.0/stm32cubeide/plugins/com.st.stm32cube.ide.mcu.externaltools.gnu-tools-for-stm32.9-2020-q2-update.win32_1.5.0.202011040924/tools/bin/../lib/gcc/arm-none-eabi/9.3.1/../../../../arm-none-eabi/lib/thumb/v7e-m+fp/hard\libc_nano.a(lib_a-mlock.o)
                0x000000000800a3dc                __malloc_lock
 .text.__malloc_unlock
                0x000000000800a3e8        0xc c:/st/stm32cubeide_1.6.0/stm32cubeide/plugins/com.st.stm32cube.ide.mcu.externaltools.gnu-tools-for-stm32.9-2020-q2-update.win32_1.5.0.202011040924/tools/bin/../lib/gcc/arm-none-eabi/9.3.1/../../../../arm-none-eabi/lib/thumb/v7e-m+fp/hard\libc_nano.a(lib_a-mlock.o)
                0x000000000800a3e8                __malloc_unlock
 .text._free_r  0x000000000800a3f4       0xa0 c:/st/stm32cubeide_1.6.0/stm32cubeide/plugins/com.st.stm32cube.ide.mcu.externaltools.gnu-tools-for-stm32.9-2020-q2-update.win32_1.5.0.202011040924/tools/bin/../lib/gcc/arm-none-eabi/9.3.1/../../../../arm-none-eabi/lib/thumb/v7e-m+fp/hard\libc_nano.a(lib_a-nano-freer.o)
                0x000000000800a3f4                _free_r
 *(.glue_7)
 .glue_7        0x000000000800a494        0x0 linker stubs
 *(.glue_7t)
 .glue_7t       0x000000000800a494        0x0 linker stubs
 *(.eh_frame)
 .eh_frame      0x000000000800a494        0x0 c:/st/stm32cubeide_1.6.0/stm32cubeide/plugins/com.st.stm32cube.ide.mcu.externaltools.gnu-tools-for-stm32.9-2020-q2-update.win32_1.5.0.202011040924/tools/bin/../lib/gcc/arm-none-eabi/9.3.1/thumb/v7e-m+fp/hard/crtbegin.o
 *(.init)
 .init          0x000000000800a494        0x4 c:/st/stm32cubeide_1.6.0/stm32cubeide/plugins/com.st.stm32cube.ide.mcu.externaltools.gnu-tools-for-stm32.9-2020-q2-update.win32_1.5.0.202011040924/tools/bin/../lib/gcc/arm-none-eabi/9.3.1/thumb/v7e-m+fp/hard/crti.o
                0x000000000800a494                _init
 .init          0x000000000800a498        0x8 c:/st/stm32cubeide_1.6.0/stm32cubeide/plugins/com.st.stm32cube.ide.mcu.externaltools.gnu-tools-for-stm32.9-2020-q2-update.win32_1.5.0.202011040924/tools/bin/../lib/gcc/arm-none-eabi/9.3.1/thumb/v7e-m+fp/hard/crtn.o
 *(.fini)
 .fini          0x000000000800a4a0        0x4 c:/st/stm32cubeide_1.6.0/stm32cubeide/plugins/com.st.stm32cube.ide.mcu.externaltools.gnu-tools-for-stm32.9-2020-q2-update.win32_1.5.0.202011040924/tools/bin/../lib/gcc/arm-none-eabi/9.3.1/thumb/v7e-m+fp/hard/crti.o
                0x000000000800a4a0                _fini
 .fini          0x000000000800a4a4        0x8 c:/st/stm32cubeide_1.6.0/stm32cubeide/plugins/com.st.stm32cube.ide.mcu.externaltools.gnu-tools-for-stm32.9-2020-q2-update.win32_1.5.0.202011040924/tools/bin/../lib/gcc/arm-none-eabi/9.3.1/thumb/v7e-m+fp/hard/crtn.o
                0x000000000800a4ac                . = ALIGN (0x4)
                0x000000000800a4ac                _etext = .

.vfp11_veneer   0x000000000800a4ac        0x0
 .vfp11_veneer  0x000000000800a4ac        0x0 linker stubs

.v4_bx          0x000000000800a4ac        0x0
 .v4_bx         0x000000000800a4ac        0x0 linker stubs

.iplt           0x000000000800a4ac        0x0
 .iplt          0x000000000800a4ac        0x0 c:/st/stm32cubeide_1.6.0/stm32cubeide/plugins/com.st.stm32cube.ide.mcu.externaltools.gnu-tools-for-stm32.9-2020-q2-update.win32_1.5.0.202011040924/tools/bin/../lib/gcc/arm-none-eabi/9.3.1/thumb/v7e-m+fp/hard/crtbegin.o

.rodata         0x000000000800a4ac     0x164c
                0x000000000800a4ac                . = ALIGN (0x4)
 *(.rodata)
 .rodata        0x000000000800a4ac       0xd6 Core/Src/main.o
 *fill*         0x000000000800a582        0x2 
 .rodata        0x000000000800a584      0x372 Core/Trace/trcKernelPort.o
 *fill*         0x000000000800a8f6        0x2 
 .rodata        0x000000000800a8f8     0x10a4 Core/Trace/trcSnapshotRecorder.o
 .rodata        0x000000000800b99c       0x2c Drivers/STM32WBxx_HAL_Driver/Src/stm32wbxx_hal_rcc.o
 .rodata        0x000000000800b9c8        0x5 Middlewares/Third_Party/FreeRTOS/Source/tasks.o
 *(.rodata*)
 *fill*         0x000000000800b9cd        0x3 
 .rodata.AHBPrescTable
                0x000000000800b9d0       0x40 Core/Src/system_stm32wbxx.o
                0x000000000800b9d0                AHBPrescTable
 .rodata.APBPrescTable
                0x000000000800ba10       0x20 Core/Src/system_stm32wbxx.o
                0x000000000800ba10                APBPrescTable
 .rodata.MSIRangeTable
                0x000000000800ba30       0x40 Core/Src/system_stm32wbxx.o
                0x000000000800ba30                MSIRangeTable
 .rodata.UARTPrescTable
                0x000000000800ba70       0x18 Drivers/STM32WBxx_HAL_Driver/Src/stm32wbxx_hal_uart.o
                0x000000000800ba70                UARTPrescTable
 .rodata.numerator.12654
                0x000000000800ba88        0x8 Drivers/STM32WBxx_HAL_Driver/Src/stm32wbxx_hal_uart_ex.o
 .rodata.denominator.12655
                0x000000000800ba90        0x8 Drivers/STM32WBxx_HAL_Driver/Src/stm32wbxx_hal_uart_ex.o
 .rodata.__sf_fake_stderr
                0x000000000800ba98       0x20 c:/st/stm32cubeide_1.6.0/stm32cubeide/plugins/com.st.stm32cube.ide.mcu.externaltools.gnu-tools-for-stm32.9-2020-q2-update.win32_1.5.0.202011040924/tools/bin/../lib/gcc/arm-none-eabi/9.3.1/../../../../arm-none-eabi/lib/thumb/v7e-m+fp/hard\libc_nano.a(lib_a-findfp.o)
                0x000000000800ba98                __sf_fake_stderr
 .rodata.__sf_fake_stdin
                0x000000000800bab8       0x20 c:/st/stm32cubeide_1.6.0/stm32cubeide/plugins/com.st.stm32cube.ide.mcu.externaltools.gnu-tools-for-stm32.9-2020-q2-update.win32_1.5.0.202011040924/tools/bin/../lib/gcc/arm-none-eabi/9.3.1/../../../../arm-none-eabi/lib/thumb/v7e-m+fp/hard\libc_nano.a(lib_a-findfp.o)
                0x000000000800bab8                __sf_fake_stdin
 .rodata.__sf_fake_stdout
                0x000000000800bad8       0x20 c:/st/stm32cubeide_1.6.0/stm32cubeide/plugins/com.st.stm32cube.ide.mcu.externaltools.gnu-tools-for-stm32.9-2020-q2-update.win32_1.5.0.202011040924/tools/bin/../lib/gcc/arm-none-eabi/9.3.1/../../../../arm-none-eabi/lib/thumb/v7e-m+fp/hard\libc_nano.a(lib_a-findfp.o)
                0x000000000800bad8                __sf_fake_stdout
                0x000000000800baf8                . = ALIGN (0x4)

.ARM.extab
 *(.ARM.extab* .gnu.linkonce.armextab.*)

.ARM            0x000000000800baf8        0x8
                0x000000000800baf8                __exidx_start = .
 *(.ARM.exidx*)
 .ARM.exidx     0x000000000800baf8        0x8 c:/st/stm32cubeide_1.6.0/stm32cubeide/plugins/com.st.stm32cube.ide.mcu.externaltools.gnu-tools-for-stm32.9-2020-q2-update.win32_1.5.0.202011040924/tools/bin/../lib/gcc/arm-none-eabi/9.3.1/thumb/v7e-m+fp/hard\libgcc.a(_udivmoddi4.o)
                0x000000000800bb00                __exidx_end = .

.rel.dyn        0x000000000800bb00        0x0
 .rel.iplt      0x000000000800bb00        0x0 c:/st/stm32cubeide_1.6.0/stm32cubeide/plugins/com.st.stm32cube.ide.mcu.externaltools.gnu-tools-for-stm32.9-2020-q2-update.win32_1.5.0.202011040924/tools/bin/../lib/gcc/arm-none-eabi/9.3.1/thumb/v7e-m+fp/hard/crtbegin.o

.preinit_array  0x000000000800bb00        0x0
                0x000000000800bb00                PROVIDE (__preinit_array_start = .)
 *(.preinit_array*)
                0x000000000800bb00                PROVIDE (__preinit_array_end = .)

.init_array     0x000000000800bb00        0x4
                0x000000000800bb00                PROVIDE (__init_array_start = .)
 *(SORT_BY_NAME(.init_array.*))
 *(.init_array*)
 .init_array    0x000000000800bb00        0x4 c:/st/stm32cubeide_1.6.0/stm32cubeide/plugins/com.st.stm32cube.ide.mcu.externaltools.gnu-tools-for-stm32.9-2020-q2-update.win32_1.5.0.202011040924/tools/bin/../lib/gcc/arm-none-eabi/9.3.1/thumb/v7e-m+fp/hard/crtbegin.o
                0x000000000800bb04                PROVIDE (__init_array_end = .)

.fini_array     0x000000000800bb04        0x4
                [!provide]                        PROVIDE (__fini_array_start = .)
 *(SORT_BY_NAME(.fini_array.*))
 *(.fini_array*)
 .fini_array    0x000000000800bb04        0x4 c:/st/stm32cubeide_1.6.0/stm32cubeide/plugins/com.st.stm32cube.ide.mcu.externaltools.gnu-tools-for-stm32.9-2020-q2-update.win32_1.5.0.202011040924/tools/bin/../lib/gcc/arm-none-eabi/9.3.1/thumb/v7e-m+fp/hard/crtbegin.o
                [!provide]                        PROVIDE (__fini_array_end = .)
                0x000000000800bb08                _sidata = LOADADDR (.data)

.data           0x0000000020000004       0x78 load address 0x000000000800bb08
                0x0000000020000004                . = ALIGN (0x4)
                0x0000000020000004                _sdata = .
 *(.data)
 *(.data*)
 .data.SystemCoreClock
                0x0000000020000004        0x4 Core/Src/system_stm32wbxx.o
                0x0000000020000004                SystemCoreClock
 .data.readyEventsEnabled
                0x0000000020000008        0x4 Core/Trace/trcSnapshotRecorder.o
 .data.uwTickPrio
                0x000000002000000c        0x4 Drivers/STM32WBxx_HAL_Driver/Src/stm32wbxx_hal.o
                0x000000002000000c                uwTickPrio
 .data.uwTickFreq
                0x0000000020000010        0x1 Drivers/STM32WBxx_HAL_Driver/Src/stm32wbxx_hal.o
                0x0000000020000010                uwTickFreq
 *fill*         0x0000000020000011        0x3 
 .data.uxCriticalNesting
                0x0000000020000014        0x4 Middlewares/Third_Party/FreeRTOS/Source/portable/GCC/ARM_CM4F/port.o
 .data._impure_ptr
                0x0000000020000018        0x4 c:/st/stm32cubeide_1.6.0/stm32cubeide/plugins/com.st.stm32cube.ide.mcu.externaltools.gnu-tools-for-stm32.9-2020-q2-update.win32_1.5.0.202011040924/tools/bin/../lib/gcc/arm-none-eabi/9.3.1/../../../../arm-none-eabi/lib/thumb/v7e-m+fp/hard\libc_nano.a(lib_a-impure.o)
                0x0000000020000018                _impure_ptr
 .data.impure_data
                0x000000002000001c       0x60 c:/st/stm32cubeide_1.6.0/stm32cubeide/plugins/com.st.stm32cube.ide.mcu.externaltools.gnu-tools-for-stm32.9-2020-q2-update.win32_1.5.0.202011040924/tools/bin/../lib/gcc/arm-none-eabi/9.3.1/../../../../arm-none-eabi/lib/thumb/v7e-m+fp/hard\libc_nano.a(lib_a-impure.o)
 *(.RamFunc)
 *(.RamFunc*)
                0x000000002000007c                . = ALIGN (0x4)
                0x000000002000007c                _edata = .

.igot.plt       0x000000002000007c        0x0 load address 0x000000000800bb80
 .igot.plt      0x000000002000007c        0x0 c:/st/stm32cubeide_1.6.0/stm32cubeide/plugins/com.st.stm32cube.ide.mcu.externaltools.gnu-tools-for-stm32.9-2020-q2-update.win32_1.5.0.202011040924/tools/bin/../lib/gcc/arm-none-eabi/9.3.1/thumb/v7e-m+fp/hard/crtbegin.o
                0x000000002000007c                . = ALIGN (0x4)

.bss            0x000000002000007c     0xb544 load address 0x000000000800bb80
                0x000000002000007c                _sbss = .
                0x000000002000007c                __bss_start__ = _sbss
 *(.bss)
 .bss           0x000000002000007c       0x1c c:/st/stm32cubeide_1.6.0/stm32cubeide/plugins/com.st.stm32cube.ide.mcu.externaltools.gnu-tools-for-stm32.9-2020-q2-update.win32_1.5.0.202011040924/tools/bin/../lib/gcc/arm-none-eabi/9.3.1/thumb/v7e-m+fp/hard/crtbegin.o
 *(.bss*)
 .bss.isPendingContextSwitch
                0x0000000020000098        0x4 Core/Trace/trcSnapshotRecorder.o
                0x0000000020000098                isPendingContextSwitch
 .bss.uiTraceTickCount
                0x000000002000009c        0x4 Core/Trace/trcSnapshotRecorder.o
                0x000000002000009c                uiTraceTickCount
 .bss.trace_disable_timestamp
                0x00000000200000a0        0x4 Core/Trace/trcSnapshotRecorder.o
                0x00000000200000a0                trace_disable_timestamp
 .bss.last_timestamp
                0x00000000200000a4        0x4 Core/Trace/trcSnapshotRecorder.o
 .bss.uiTraceSystemState
                0x00000000200000a8        0x4 Core/Trace/trcSnapshotRecorder.o
                0x00000000200000a8                uiTraceSystemState
 .bss.recorder_busy
                0x00000000200000ac        0x4 Core/Trace/trcSnapshotRecorder.o
                0x00000000200000ac                recorder_busy
 .bss.timestampFrequency
                0x00000000200000b0        0x4 Core/Trace/trcSnapshotRecorder.o
                0x00000000200000b0                timestampFrequency
 .bss.handle_of_last_logged_task
                0x00000000200000b4        0x1 Core/Trace/trcSnapshotRecorder.o
                0x00000000200000b4                handle_of_last_logged_task
 *fill*         0x00000000200000b5        0x3 
 .bss.vTraceStopHookPtr
                0x00000000200000b8        0x4 Core/Trace/trcSnapshotRecorder.o
                0x00000000200000b8                vTraceStopHookPtr
 .bss.RecorderInitialized
                0x00000000200000bc        0x4 Core/Trace/trcSnapshotRecorder.o
                0x00000000200000bc                RecorderInitialized
 .bss.indexOfHandle.13863
                0x00000000200000c0        0x4 Core/Trace/trcSnapshotRecorder.o
 .bss.idx.13890
                0x00000000200000c4        0x2 Core/Trace/trcSnapshotRecorder.o
 *fill*         0x00000000200000c6        0x2 
 .bss.old_timestamp.13926
                0x00000000200000c8        0x4 Core/Trace/trcSnapshotRecorder.o
 .bss.last_hwtc_count.13964
                0x00000000200000cc        0x4 Core/Trace/trcSnapshotRecorder.o
 .bss.last_hwtc_rest.13966
                0x00000000200000d0        0x4 Core/Trace/trcSnapshotRecorder.o
 .bss.pxCurrentTCB
                0x00000000200000d4        0x4 Middlewares/Third_Party/FreeRTOS/Source/tasks.o
                0x00000000200000d4                pxCurrentTCB
 .bss.pxReadyTasksLists
                0x00000000200000d8       0x8c Middlewares/Third_Party/FreeRTOS/Source/tasks.o
 .bss.xDelayedTaskList1
                0x0000000020000164       0x14 Middlewares/Third_Party/FreeRTOS/Source/tasks.o
 .bss.xDelayedTaskList2
                0x0000000020000178       0x14 Middlewares/Third_Party/FreeRTOS/Source/tasks.o
 .bss.pxDelayedTaskList
                0x000000002000018c        0x4 Middlewares/Third_Party/FreeRTOS/Source/tasks.o
 .bss.pxOverflowDelayedTaskList
                0x0000000020000190        0x4 Middlewares/Third_Party/FreeRTOS/Source/tasks.o
 .bss.xPendingReadyList
                0x0000000020000194       0x14 Middlewares/Third_Party/FreeRTOS/Source/tasks.o
 .bss.xTasksWaitingTermination
                0x00000000200001a8       0x14 Middlewares/Third_Party/FreeRTOS/Source/tasks.o
 .bss.uxDeletedTasksWaitingCleanUp
                0x00000000200001bc        0x4 Middlewares/Third_Party/FreeRTOS/Source/tasks.o
 .bss.xSuspendedTaskList
                0x00000000200001c0       0x14 Middlewares/Third_Party/FreeRTOS/Source/tasks.o
 .bss.uxCurrentNumberOfTasks
                0x00000000200001d4        0x4 Middlewares/Third_Party/FreeRTOS/Source/tasks.o
 .bss.xTickCount
                0x00000000200001d8        0x4 Middlewares/Third_Party/FreeRTOS/Source/tasks.o
 .bss.uxTopReadyPriority
                0x00000000200001dc        0x4 Middlewares/Third_Party/FreeRTOS/Source/tasks.o
 .bss.xSchedulerRunning
                0x00000000200001e0        0x4 Middlewares/Third_Party/FreeRTOS/Source/tasks.o
 .bss.xPendedTicks
                0x00000000200001e4        0x4 Middlewares/Third_Party/FreeRTOS/Source/tasks.o
 .bss.xYieldPending
                0x00000000200001e8        0x4 Middlewares/Third_Party/FreeRTOS/Source/tasks.o
 .bss.xNumOfOverflows
                0x00000000200001ec        0x4 Middlewares/Third_Party/FreeRTOS/Source/tasks.o
 .bss.uxTaskNumber
                0x00000000200001f0        0x4 Middlewares/Third_Party/FreeRTOS/Source/tasks.o
 .bss.xNextTaskUnblockTime
                0x00000000200001f4        0x4 Middlewares/Third_Party/FreeRTOS/Source/tasks.o
 .bss.xIdleTaskHandle
                0x00000000200001f8        0x4 Middlewares/Third_Party/FreeRTOS/Source/tasks.o
 .bss.uxSchedulerSuspended
                0x00000000200001fc        0x4 Middlewares/Third_Party/FreeRTOS/Source/tasks.o
 .bss.ucMaxSysCallPriority
                0x0000000020000200        0x1 Middlewares/Third_Party/FreeRTOS/Source/portable/GCC/ARM_CM4F/port.o
 *fill*         0x0000000020000201        0x3 
 .bss.ulMaxPRIGROUPValue
                0x0000000020000204        0x4 Middlewares/Third_Party/FreeRTOS/Source/portable/GCC/ARM_CM4F/port.o
 .bss.ucHeap    0x0000000020000208     0x2710 Middlewares/Third_Party/FreeRTOS/Source/portable/MemMang/heap_4.o
 .bss.xStart    0x0000000020002918        0x8 Middlewares/Third_Party/FreeRTOS/Source/portable/MemMang/heap_4.o
 .bss.pxEnd     0x0000000020002920        0x4 Middlewares/Third_Party/FreeRTOS/Source/portable/MemMang/heap_4.o
 .bss.xFreeBytesRemaining
                0x0000000020002924        0x4 Middlewares/Third_Party/FreeRTOS/Source/portable/MemMang/heap_4.o
 .bss.xMinimumEverFreeBytesRemaining
                0x0000000020002928        0x4 Middlewares/Third_Party/FreeRTOS/Source/portable/MemMang/heap_4.o
 .bss.xNumberOfSuccessfulAllocations
                0x000000002000292c        0x4 Middlewares/Third_Party/FreeRTOS/Source/portable/MemMang/heap_4.o
 .bss.xNumberOfSuccessfulFrees
                0x0000000020002930        0x4 Middlewares/Third_Party/FreeRTOS/Source/portable/MemMang/heap_4.o
 .bss.xBlockAllocatedBit
                0x0000000020002934        0x4 Middlewares/Third_Party/FreeRTOS/Source/portable/MemMang/heap_4.o
 .bss.__malloc_free_list
                0x0000000020002938        0x4 c:/st/stm32cubeide_1.6.0/stm32cubeide/plugins/com.st.stm32cube.ide.mcu.externaltools.gnu-tools-for-stm32.9-2020-q2-update.win32_1.5.0.202011040924/tools/bin/../lib/gcc/arm-none-eabi/9.3.1/../../../../arm-none-eabi/lib/thumb/v7e-m+fp/hard\libc_nano.a(lib_a-nano-mallocr.o)
                0x0000000020002938                __malloc_free_list
 *(COMMON)
 COMMON         0x000000002000293c        0x2 Core/Src/app_freertos.o
                0x000000002000293c                chn0
 *fill*         0x000000002000293e        0x2 
 COMMON         0x0000000020002940      0x51a Core/Src/main.o
                0x0000000020002940                defaultTaskHandle
                0x0000000020002944                lcd
                0x000000002000294c                hspi2
                0x00000000200029b0                WriteLCDHandle
                0x00000000200029b4                hi2c1
                0x0000000020002a00                RGB_LedHandle
                0x0000000020002a04                hdma_spi2_rx
                0x0000000020002a64                hadc1
                0x0000000020002ac8                adc_ch
                0x0000000020002acc                huart1
                0x0000000020002b5c                ReadADCHandle
                0x0000000020002b60                blinkyTaskHandle
                0x0000000020002b64                hpcd_USB_FS
                0x0000000020002e58                ADC_Data
 *fill*         0x0000000020002e5a        0x2 
 COMMON         0x0000000020002e5c       0x4c Core/Src/stm32wbxx_hal_timebase_tim.o
                0x0000000020002e5c                htim1
 COMMON         0x0000000020002ea8     0x8706 Core/Trace/trcSnapshotRecorder.o
                0x0000000020002ea8                CurrentFilterMask
                0x0000000020002eac                RecorderDataPtr
                0x0000000020002eb0                RecorderData
                0x000000002000b514                CurrentFilterGroup
                0x000000002000b518                traceErrorMessage
                0x000000002000b51c                init_hwtc_count
                0x000000002000b520                objectHandleStacks
 *fill*         0x000000002000b5ae        0x2 
 COMMON         0x000000002000b5b0        0x4 Drivers/STM32WBxx_HAL_Driver/Src/stm32wbxx_hal.o
                0x000000002000b5b0                uwTick
 COMMON         0x000000002000b5b4        0x9 c:/st/stm32cubeide_1.6.0/stm32cubeide/plugins/com.st.stm32cube.ide.mcu.externaltools.gnu-tools-for-stm32.9-2020-q2-update.win32_1.5.0.202011040924/tools/bin/../lib/gcc/arm-none-eabi/9.3.1/../../../../arm-none-eabi/lib/thumb/v7e-m+fp/hard\libc_nano.a(lib_a-lock.o)
                0x000000002000b5b4                __lock___atexit_recursive_mutex
                0x000000002000b5b5                __lock___arc4random_mutex
                0x000000002000b5b6                __lock___env_recursive_mutex
                0x000000002000b5b7                __lock___sinit_recursive_mutex
                0x000000002000b5b8                __lock___malloc_recursive_mutex
                0x000000002000b5b9                __lock___at_quick_exit_mutex
                0x000000002000b5ba                __lock___dd_hash_mutex
                0x000000002000b5bb                __lock___tz_mutex
                0x000000002000b5bc                __lock___sfp_recursive_mutex
                0x000000002000b5c0                . = ALIGN (0x4)
 *fill*         0x000000002000b5bd        0x3 
                0x000000002000b5c0                _ebss = .
                0x000000002000b5c0                __bss_end__ = _ebss

._user_heap_stack
                0x000000002000b5c0      0x600 load address 0x000000000800bb80
                0x000000002000b5c0                . = ALIGN (0x8)
                [!provide]                        PROVIDE (end = .)
                0x000000002000b5c0                PROVIDE (_end = .)
                0x000000002000b7c0                . = (. + _Min_Heap_Size)
 *fill*         0x000000002000b5c0      0x200 
                0x000000002000bbc0                . = (. + _Min_Stack_Size)
 *fill*         0x000000002000b7c0      0x400 
                0x000000002000bbc0                . = ALIGN (0x8)

/DISCARD/
 libc.a(*)
 libm.a(*)
 libgcc.a(*)

.ARM.attributes
                0x0000000000000000       0x30
 *(.ARM.attributes)
 .ARM.attributes
                0x0000000000000000       0x1e c:/st/stm32cubeide_1.6.0/stm32cubeide/plugins/com.st.stm32cube.ide.mcu.externaltools.gnu-tools-for-stm32.9-2020-q2-update.win32_1.5.0.202011040924/tools/bin/../lib/gcc/arm-none-eabi/9.3.1/thumb/v7e-m+fp/hard/crti.o
 .ARM.attributes
                0x000000000000001e       0x34 c:/st/stm32cubeide_1.6.0/stm32cubeide/plugins/com.st.stm32cube.ide.mcu.externaltools.gnu-tools-for-stm32.9-2020-q2-update.win32_1.5.0.202011040924/tools/bin/../lib/gcc/arm-none-eabi/9.3.1/thumb/v7e-m+fp/hard/crtbegin.o
 .ARM.attributes
                0x0000000000000052       0x39 Core/Src/app_freertos.o
 .ARM.attributes
                0x000000000000008b       0x34 Core/Src/lcd.o
 .ARM.attributes
                0x00000000000000bf       0x34 Core/Src/main.o
 .ARM.attributes
                0x00000000000000f3       0x34 Core/Src/stm32wbxx_hal_msp.o
 .ARM.attributes
                0x0000000000000127       0x34 Core/Src/stm32wbxx_hal_timebase_tim.o
 .ARM.attributes
                0x000000000000015b       0x34 Core/Src/stm32wbxx_it.o
 .ARM.attributes
                0x000000000000018f       0x34 Core/Src/system_stm32wbxx.o
 .ARM.attributes
                0x00000000000001c3       0x21 Core/Startup/startup_stm32wb55rgvx.o
 .ARM.attributes
                0x00000000000001e4       0x34 Core/Trace/trcKernelPort.o
 .ARM.attributes
                0x0000000000000218       0x34 Core/Trace/trcSnapshotRecorder.o
 .ARM.attributes
                0x000000000000024c       0x34 Drivers/STM32WBxx_HAL_Driver/Src/stm32wbxx_hal.o
 .ARM.attributes
                0x0000000000000280       0x34 Drivers/STM32WBxx_HAL_Driver/Src/stm32wbxx_hal_adc.o
 .ARM.attributes
                0x00000000000002b4       0x34 Drivers/STM32WBxx_HAL_Driver/Src/stm32wbxx_hal_cortex.o
 .ARM.attributes
                0x00000000000002e8       0x34 Drivers/STM32WBxx_HAL_Driver/Src/stm32wbxx_hal_dma.o
 .ARM.attributes
                0x000000000000031c       0x34 Drivers/STM32WBxx_HAL_Driver/Src/stm32wbxx_hal_gpio.o
 .ARM.attributes
                0x0000000000000350       0x34 Drivers/STM32WBxx_HAL_Driver/Src/stm32wbxx_hal_i2c.o
 .ARM.attributes
                0x0000000000000384       0x34 Drivers/STM32WBxx_HAL_Driver/Src/stm32wbxx_hal_i2c_ex.o
 .ARM.attributes
                0x00000000000003b8       0x34 Drivers/STM32WBxx_HAL_Driver/Src/stm32wbxx_hal_pcd.o
 .ARM.attributes
                0x00000000000003ec       0x34 Drivers/STM32WBxx_HAL_Driver/Src/stm32wbxx_hal_pcd_ex.o
 .ARM.attributes
                0x0000000000000420       0x34 Drivers/STM32WBxx_HAL_Driver/Src/stm32wbxx_hal_pwr.o
 .ARM.attributes
                0x0000000000000454       0x34 Drivers/STM32WBxx_HAL_Driver/Src/stm32wbxx_hal_pwr_ex.o
 .ARM.attributes
                0x0000000000000488       0x34 Drivers/STM32WBxx_HAL_Driver/Src/stm32wbxx_hal_rcc.o
 .ARM.attributes
                0x00000000000004bc       0x34 Drivers/STM32WBxx_HAL_Driver/Src/stm32wbxx_hal_rcc_ex.o
 .ARM.attributes
                0x00000000000004f0       0x34 Drivers/STM32WBxx_HAL_Driver/Src/stm32wbxx_hal_spi.o
 .ARM.attributes
                0x0000000000000524       0x34 Drivers/STM32WBxx_HAL_Driver/Src/stm32wbxx_hal_tim.o
 .ARM.attributes
                0x0000000000000558       0x34 Drivers/STM32WBxx_HAL_Driver/Src/stm32wbxx_hal_tim_ex.o
 .ARM.attributes
                0x000000000000058c       0x34 Drivers/STM32WBxx_HAL_Driver/Src/stm32wbxx_hal_uart.o
 .ARM.attributes
                0x00000000000005c0       0x34 Drivers/STM32WBxx_HAL_Driver/Src/stm32wbxx_hal_uart_ex.o
 .ARM.attributes
                0x00000000000005f4       0x34 Drivers/STM32WBxx_HAL_Driver/Src/stm32wbxx_ll_usb.o
 .ARM.attributes
                0x0000000000000628       0x34 Middlewares/Third_Party/FreeRTOS/Source/CMSIS_RTOS/cmsis_os.o
 .ARM.attributes
                0x000000000000065c       0x34 Middlewares/Third_Party/FreeRTOS/Source/list.o
 .ARM.attributes
                0x0000000000000690       0x34 Middlewares/Third_Party/FreeRTOS/Source/tasks.o
 .ARM.attributes
                0x00000000000006c4       0x34 Middlewares/Third_Party/FreeRTOS/Source/portable/GCC/ARM_CM4F/port.o
 .ARM.attributes
                0x00000000000006f8       0x34 Middlewares/Third_Party/FreeRTOS/Source/portable/MemMang/heap_4.o
 .ARM.attributes
                0x000000000000072c       0x34 c:/st/stm32cubeide_1.6.0/stm32cubeide/plugins/com.st.stm32cube.ide.mcu.externaltools.gnu-tools-for-stm32.9-2020-q2-update.win32_1.5.0.202011040924/tools/bin/../lib/gcc/arm-none-eabi/9.3.1/../../../../arm-none-eabi/lib/thumb/v7e-m+fp/hard\libc_nano.a(lib_a-findfp.o)
 .ARM.attributes
                0x0000000000000760       0x32 c:/st/stm32cubeide_1.6.0/stm32cubeide/plugins/com.st.stm32cube.ide.mcu.externaltools.gnu-tools-for-stm32.9-2020-q2-update.win32_1.5.0.202011040924/tools/bin/../lib/gcc/arm-none-eabi/9.3.1/../../../../arm-none-eabi/lib/thumb/v7e-m+fp/hard\libc_nano.a(lib_a-impure.o)
 .ARM.attributes
                0x0000000000000792       0x34 c:/st/stm32cubeide_1.6.0/stm32cubeide/plugins/com.st.stm32cube.ide.mcu.externaltools.gnu-tools-for-stm32.9-2020-q2-update.win32_1.5.0.202011040924/tools/bin/../lib/gcc/arm-none-eabi/9.3.1/../../../../arm-none-eabi/lib/thumb/v7e-m+fp/hard\libc_nano.a(lib_a-init.o)
 .ARM.attributes
                0x00000000000007c6       0x34 c:/st/stm32cubeide_1.6.0/stm32cubeide/plugins/com.st.stm32cube.ide.mcu.externaltools.gnu-tools-for-stm32.9-2020-q2-update.win32_1.5.0.202011040924/tools/bin/../lib/gcc/arm-none-eabi/9.3.1/../../../../arm-none-eabi/lib/thumb/v7e-m+fp/hard\libc_nano.a(lib_a-lock.o)
 .ARM.attributes
                0x00000000000007fa       0x34 c:/st/stm32cubeide_1.6.0/stm32cubeide/plugins/com.st.stm32cube.ide.mcu.externaltools.gnu-tools-for-stm32.9-2020-q2-update.win32_1.5.0.202011040924/tools/bin/../lib/gcc/arm-none-eabi/9.3.1/../../../../arm-none-eabi/lib/thumb/v7e-m+fp/hard\libc_nano.a(lib_a-memcpy-stub.o)
 .ARM.attributes