stm32wbxx_ll_rcc.h:1667:22:LL_RCC_LSE_SetDriveCapability	16	static
stm32wbxx_ll_bus.h:365:22:LL_AHB1_GRP1_EnableClock	24	static
stm32wbxx_ll_bus.h:540:22:LL_AHB2_GRP1_EnableClock	24	static
main.c:106:6:setRGB	16	static
main.c:122:5:main	120	static
main.c:221:6:SystemClock_Config	192	static
main.c:306:13:MX_ADC1_Init	32	static
main.c:362:13:MX_I2C1_Init	8	static
main.c:408:13:MX_SPI2_Init	8	static
main.c:448:13:MX_USART1_UART_Init	8	static
main.c:496:13:MX_USB_PCD_Init	8	static
main.c:527:13:MX_DMA_Init	8	static
main.c:546:13:MX_GPIO_Init	32	static
main.c:611:6:StartDefaultTask	24	static
main.c:635:6:StartBlinkyTask	24	static
main.c:671:6:StartTaskADC	56	static
main.c:712:6:StartTaskRGB	48	static
main.c:798:6:StartTaskWriteLCD	104	static
main.c:858:6:HAL_TIM_PeriodElapsedCallback	16	static
main.c:875:6:Error_Handler	4	static,ignoring_inline_asm
