stm32wbxx_ll_rcc.h:1667:22:LL_RCC_LSE_SetDriveCapability	16	static
stm32wbxx_ll_bus.h:365:22:LL_AHB1_GRP1_EnableClock	24	static
stm32wbxx_ll_bus.h:540:22:LL_AHB2_GRP1_EnableClock	24	static
main.c:90:6:setRGB	16	static
main.c:108:5:main	120	static
main.c:205:6:SystemClock_Config	192	static
main.c:290:13:MX_ADC1_Init	32	static
main.c:346:13:MX_I2C1_Init	8	static
main.c:392:13:MX_SPI2_Init	8	static
main.c:432:13:MX_USART1_UART_Init	8	static
main.c:480:13:MX_USB_PCD_Init	8	static
main.c:511:13:MX_DMA_Init	8	static
main.c:530:13:MX_GPIO_Init	32	static
main.c:595:6:StartDefaultTask	16	static
main.c:614:6:StartBlinkyTask	16	static
main.c:648:6:StartTaskADC	16	static
main.c:672:6:StartTaskRGB	40	static
main.c:744:6:StartTaskWriteLCD	32	static
main.c:786:6:HAL_TIM_PeriodElapsedCallback	16	static
main.c:803:6:Error_Handler	4	static,ignoring_inline_asm
