stm32wbxx_ll_bus.h:540:22:LL_AHB2_GRP1_EnableClock	24	static
stm32wbxx_ll_bus.h:598:22:LL_AHB2_GRP1_DisableClock	16	static
stm32wbxx_ll_bus.h:940:22:LL_APB1_GRP1_EnableClock	24	static
stm32wbxx_ll_bus.h:1039:22:LL_APB1_GRP1_DisableClock	16	static
stm32wbxx_ll_bus.h:1275:22:LL_APB2_GRP1_EnableClock	24	static
stm32wbxx_ll_bus.h:1329:22:LL_APB2_GRP1_DisableClock	16	static
stm32wbxx_hal_msp.c:65:6:HAL_MspInit	8	static
stm32wbxx_hal_msp.c:86:6:HAL_ADC_MspInit	40	static
stm32wbxx_hal_msp.c:119:6:HAL_ADC_MspDeInit	16	static
stm32wbxx_hal_msp.c:147:6:HAL_I2C_MspInit	40	static
stm32wbxx_hal_msp.c:183:6:HAL_I2C_MspDeInit	16	static
stm32wbxx_hal_msp.c:214:6:HAL_SPI_MspInit	40	static
stm32wbxx_hal_msp.c:276:6:HAL_SPI_MspDeInit	16	static
stm32wbxx_hal_msp.c:309:6:HAL_UART_MspInit	40	static
stm32wbxx_hal_msp.c:345:6:HAL_UART_MspDeInit	16	static
stm32wbxx_hal_msp.c:374:6:HAL_PCD_MspInit	40	static
stm32wbxx_hal_msp.c:410:6:HAL_PCD_MspDeInit	16	static
