stm32wbxx_hal_uart.c:3639:13:UART_EndRxTransfer	0	static
stm32wbxx_hal_uart.c:4044:13:UART_TxISR_8BIT	0	static
stm32wbxx_hal_uart.c:4073:13:UART_TxISR_16BIT	0	static
stm32wbxx_hal_uart.c:4145:13:UART_TxISR_16BIT_FIFOEN	8	static
stm32wbxx_hal_uart.c:4105:13:UART_TxISR_8BIT_FIFOEN	8	static
stm32wbxx_hal_uart.c:675:13:HAL_UART_MspInit	0	static
stm32wbxx_hal_uart.c:690:13:HAL_UART_MspDeInit	0	static
stm32wbxx_hal_uart.c:625:19:HAL_UART_DeInit	16	static
stm32wbxx_hal_uart.c:1300:19:HAL_UART_Transmit_IT	8	static
stm32wbxx_hal_uart.c:1426:19:HAL_UART_Transmit_DMA	24	static
stm32wbxx_hal_uart.c:1549:19:HAL_UART_DMAPause	8	static
stm32wbxx_hal_uart.c:1583:19:HAL_UART_DMAResume	0	static
stm32wbxx_hal_uart.c:1615:19:HAL_UART_DMAStop	16	static
stm32wbxx_hal_uart.c:1690:19:HAL_UART_Abort	8	static
stm32wbxx_hal_uart.c:1791:19:HAL_UART_AbortTransmit	8	static
stm32wbxx_hal_uart.c:1849:19:HAL_UART_AbortReceive	8	static
stm32wbxx_hal_uart.c:2569:13:HAL_UART_TxCpltCallback	0	static
stm32wbxx_hal_uart.c:3665:13:UART_DMATransmitCplt	8	static
stm32wbxx_hal_uart.c:2584:13:HAL_UART_TxHalfCpltCallback	0	static
stm32wbxx_hal_uart.c:3699:13:UART_DMATxHalfCplt	8	static
stm32wbxx_hal_uart.c:2599:13:HAL_UART_RxCpltCallback	0	static
stm32wbxx_hal_uart.c:2614:13:HAL_UART_RxHalfCpltCallback	0	static
stm32wbxx_hal_uart.c:2629:13:HAL_UART_ErrorCallback	0	static
stm32wbxx_hal_uart.c:3808:13:UART_DMAError	8	static
stm32wbxx_hal_uart.c:3848:13:UART_DMAAbortOnError	8	static
stm32wbxx_hal_uart.c:2644:13:HAL_UART_AbortCpltCallback	0	static
stm32wbxx_hal_uart.c:1916:19:HAL_UART_Abort_IT	8	static
stm32wbxx_hal_uart.c:3926:13:UART_DMARxAbortCallback	8	static
stm32wbxx_hal_uart.c:3871:13:UART_DMATxAbortCallback	8	static
stm32wbxx_hal_uart.c:2659:13:HAL_UART_AbortTransmitCpltCallback	0	static
stm32wbxx_hal_uart.c:2068:19:HAL_UART_AbortTransmit_IT	8	static
stm32wbxx_hal_uart.c:3978:13:UART_DMATxOnlyAbortCallback	8	static
stm32wbxx_hal_uart.c:2674:13:HAL_UART_AbortReceiveCpltCallback	0	static
stm32wbxx_hal_uart.c:2158:19:HAL_UART_AbortReceive_IT	8	static
stm32wbxx_hal_uart.c:4011:13:UART_DMARxOnlyAbortCallback	8	static
stm32wbxx_hal_uart.c:2691:13:HAL_UARTEx_RxEventCallback	0	static
stm32wbxx_hal_uart.c:2250:6:HAL_UART_IRQHandler	24	static
stm32wbxx_hal_uart.c:4211:13:UART_RxISR_8BIT	8	static
stm32wbxx_hal_uart.c:4281:13:UART_RxISR_16BIT	8	static
stm32wbxx_hal_uart.c:4353:13:UART_RxISR_8BIT_FIFOEN	40	static
stm32wbxx_hal_uart.c:4494:13:UART_RxISR_16BIT_FIFOEN	40	static
stm32wbxx_hal_uart.c:3774:13:UART_DMARxHalfCplt	8	static
stm32wbxx_hal_uart.c:3717:13:UART_DMAReceiveCplt	8	static
stm32wbxx_hal_uart.c:2739:6:HAL_UART_ReceiverTimeout_Config	0	static
stm32wbxx_hal_uart.c:2759:19:HAL_UART_EnableReceiverTimeout	0	static
stm32wbxx_hal_uart.c:2821:19:HAL_UART_DisableReceiverTimeout	0	static
stm32wbxx_hal_uart.c:2923:6:HAL_MultiProcessor_EnterMuteMode	0	static
stm32wbxx_hal_uart.c:2933:19:HAL_HalfDuplex_EnableTransmitter	0	static
stm32wbxx_hal_uart.c:2956:19:HAL_HalfDuplex_EnableReceiver	0	static
stm32wbxx_hal_uart.c:2980:19:HAL_LIN_SendBreak	0	static
stm32wbxx_hal_uart.c:3025:23:HAL_UART_GetState	0	static
stm32wbxx_hal_uart.c:3041:10:HAL_UART_GetError	0	static
stm32wbxx_hal_uart.c:3087:19:UART_SetConfig	24	static
stm32wbxx_hal_uart.c:3313:6:UART_AdvFeatureConfig	8	static
stm32wbxx_hal_uart.c:3438:19:UART_WaitOnFlagUntilTimeout	24	static
stm32wbxx_hal_uart.c:1125:19:HAL_UART_Transmit	40	static
stm32wbxx_hal_uart.c:1214:19:HAL_UART_Receive	40	static
stm32wbxx_hal_uart.c:3387:19:UART_CheckIdleState	32	static
stm32wbxx_hal_uart.c:304:19:HAL_UART_Init	8	static
stm32wbxx_hal_uart.c:381:19:HAL_HalfDuplex_Init	8	static
stm32wbxx_hal_uart.c:454:19:HAL_LIN_Init	16	static
stm32wbxx_hal_uart.c:551:19:HAL_MultiProcessor_Init	16	static
stm32wbxx_hal_uart.c:2883:19:HAL_MultiProcessor_EnableMuteMode	0	static
stm32wbxx_hal_uart.c:2903:19:HAL_MultiProcessor_DisableMuteMode	0	static
stm32wbxx_hal_uart.c:3500:19:UART_Start_Receive_IT	8	static
stm32wbxx_hal_uart.c:1374:19:HAL_UART_Receive_IT	4	static
stm32wbxx_hal_uart.c:3566:19:UART_Start_Receive_DMA	16	static
stm32wbxx_hal_uart.c:1502:19:HAL_UART_Receive_DMA	4	static
