stm32wbxx_hal_tim_ex.c:2752:13:TIM_CCxNChannelCmd	8	static
stm32wbxx_hal_tim_ex.c:2707:13:TIM_DMAErrorCCxN	8	static
stm32wbxx_hal_tim_ex.c:2648:13:TIM_DMADelayPulseNCplt	8	static
stm32wbxx_hal_tim_ex.c:319:13:HAL_TIMEx_HallSensor_MspInit	0	static
stm32wbxx_hal_tim_ex.c:173:19:HAL_TIMEx_HallSensor_Init	48	static
stm32wbxx_hal_tim_ex.c:334:13:HAL_TIMEx_HallSensor_MspDeInit	0	static
stm32wbxx_hal_tim_ex.c:274:19:HAL_TIMEx_HallSensor_DeInit	8	static
stm32wbxx_hal_tim_ex.c:349:19:HAL_TIMEx_HallSensor_Start	16	static
stm32wbxx_hal_tim_ex.c:402:19:HAL_TIMEx_HallSensor_Stop	8	static
stm32wbxx_hal_tim_ex.c:429:19:HAL_TIMEx_HallSensor_Start_IT	16	static
stm32wbxx_hal_tim_ex.c:485:19:HAL_TIMEx_HallSensor_Stop_IT	8	static
stm32wbxx_hal_tim_ex.c:517:19:HAL_TIMEx_HallSensor_Start_DMA	24	static
stm32wbxx_hal_tim_ex.c:592:19:HAL_TIMEx_HallSensor_Stop_DMA	8	static
stm32wbxx_hal_tim_ex.c:653:19:HAL_TIMEx_OCN_Start	8	static
stm32wbxx_hal_tim_ex.c:704:19:HAL_TIMEx_OCN_Stop	16	static
stm32wbxx_hal_tim_ex.c:736:19:HAL_TIMEx_OCN_Start_IT	8	static
stm32wbxx_hal_tim_ex.c:818:19:HAL_TIMEx_OCN_Stop_IT	16	static
stm32wbxx_hal_tim_ex.c:887:19:HAL_TIMEx_OCN_Start_DMA	16	static
stm32wbxx_hal_tim_ex.c:1016:19:HAL_TIMEx_OCN_Stop_DMA	16	static
stm32wbxx_hal_tim_ex.c:1111:19:HAL_TIMEx_PWMN_Start	0	static
stm32wbxx_hal_tim_ex.c:1161:19:HAL_TIMEx_PWMN_Stop	0	static
stm32wbxx_hal_tim_ex.c:1193:19:HAL_TIMEx_PWMN_Start_IT	0	static
stm32wbxx_hal_tim_ex.c:1274:19:HAL_TIMEx_PWMN_Stop_IT	0	static
stm32wbxx_hal_tim_ex.c:1344:19:HAL_TIMEx_PWMN_Start_DMA	0	static
stm32wbxx_hal_tim_ex.c:1473:19:HAL_TIMEx_PWMN_Stop_DMA	0	static
stm32wbxx_hal_tim_ex.c:1558:19:HAL_TIMEx_OnePulseN_Start	24	static
stm32wbxx_hal_tim_ex.c:1607:19:HAL_TIMEx_OnePulseN_Stop	16	static
stm32wbxx_hal_tim_ex.c:1646:19:HAL_TIMEx_OnePulseN_Start_IT	24	static
stm32wbxx_hal_tim_ex.c:1701:19:HAL_TIMEx_OnePulseN_Stop_IT	16	static
stm32wbxx_hal_tim_ex.c:1781:19:HAL_TIMEx_ConfigCommutEvent	8	static
stm32wbxx_hal_tim_ex.c:1837:19:HAL_TIMEx_ConfigCommutEvent_IT	8	static
stm32wbxx_hal_tim_ex.c:1894:19:HAL_TIMEx_ConfigCommutEvent_DMA	8	static
stm32wbxx_hal_tim_ex.c:1943:19:HAL_TIMEx_MasterConfigSynchronization	16	static
stm32wbxx_hal_tim_ex.c:2016:19:HAL_TIMEx_ConfigBreakDeadTime	8	static
stm32wbxx_hal_tim_ex.c:2098:19:HAL_TIMEx_ConfigBreakInput	20	static
stm32wbxx_hal_tim_ex.c:2254:19:HAL_TIMEx_RemapConfig	20	static
stm32wbxx_hal_tim_ex.c:2310:19:HAL_TIMEx_GroupChannel5	0	static
stm32wbxx_hal_tim_ex.c:2348:19:HAL_TIMEx_DisarmBreakInput	0	static
stm32wbxx_hal_tim_ex.c:2401:19:HAL_TIMEx_ReArmBreakInput	16	static
stm32wbxx_hal_tim_ex.c:2488:13:HAL_TIMEx_CommutCallback	0	static
stm32wbxx_hal_tim_ex.c:2609:6:TIMEx_DMACommutationCplt	8	static
stm32wbxx_hal_tim_ex.c:2502:13:HAL_TIMEx_CommutHalfCpltCallback	0	static
stm32wbxx_hal_tim_ex.c:2628:6:TIMEx_DMACommutationHalfCplt	8	static
stm32wbxx_hal_tim_ex.c:2517:13:HAL_TIMEx_BreakCallback	0	static
stm32wbxx_hal_tim_ex.c:2532:13:HAL_TIMEx_Break2Callback	0	static
stm32wbxx_hal_tim_ex.c:2565:22:HAL_TIMEx_HallSensor_GetState	0	static
stm32wbxx_hal_tim_ex.c:2580:29:HAL_TIMEx_GetChannelNState	0	static
