stm32wbxx_ll_rcc.h:1326:26:LL_RCC_HSE_IsReady	0	static
stm32wbxx_ll_rcc.h:1488:26:LL_RCC_HSI_IsReady	0	static
stm32wbxx_ll_rcc.h:1761:26:LL_RCC_LSI1_IsReady	0	static
stm32wbxx_ll_rcc.h:1858:26:LL_RCC_MSI_IsReady	0	static
stm32wbxx_ll_rcc.h:1908:22:LL_RCC_MSI_SetRange	0	static
stm32wbxx_ll_rcc.h:1960:22:LL_RCC_MSI_SetCalibTrimming	0	static
stm32wbxx_ll_bus.h:540:22:LL_AHB2_GRP1_EnableClock	8	static
stm32wbxx_hal_rcc.c:1731:26:RCC_SetFlashLatencyFromMSIRange	56	static
stm32wbxx_hal_rcc.c:270:19:HAL_RCC_DeInit	16	static
stm32wbxx_hal_rcc.c:1319:6:HAL_RCC_MCOConfig	40	static
stm32wbxx_hal_rcc.c:1405:10:HAL_RCC_GetSysClockFreq	0	static
stm32wbxx_hal_rcc.c:1468:10:HAL_RCC_GetHCLKFreq	8	static
stm32wbxx_hal_rcc.c:386:19:HAL_RCC_OscConfig	24	static
stm32wbxx_hal_rcc.c:1058:19:HAL_RCC_ClockConfig	24	static
stm32wbxx_hal_rcc.c:1478:10:HAL_RCC_GetHCLK2Freq	8	static
stm32wbxx_hal_rcc.c:1488:10:HAL_RCC_GetHCLK4Freq	8	static
stm32wbxx_hal_rcc.c:1500:10:HAL_RCC_GetPCLK1Freq	8	static
stm32wbxx_hal_rcc.c:1512:10:HAL_RCC_GetPCLK2Freq	8	static
stm32wbxx_hal_rcc.c:1525:6:HAL_RCC_GetOscConfig	0	static
stm32wbxx_hal_rcc.c:1635:6:HAL_RCC_GetClockConfig	0	static
stm32wbxx_hal_rcc.c:1677:6:HAL_RCC_EnableCSS	0	static
stm32wbxx_hal_rcc.c:1704:13:HAL_RCC_CSSCallback	0	static
stm32wbxx_hal_rcc.c:1687:6:HAL_RCC_NMI_IRQHandler	8	static
