stm32wbxx_hal_pwr_ex.c:87:10:HAL_PWREx_GetVoltageRange	0	static
stm32wbxx_hal_pwr_ex.c:112:19:HAL_PWREx_ControlVoltageScaling	0	static
stm32wbxx_hal_pwr_ex.c:163:6:HAL_PWREx_EnableBatteryCharging	0	static
stm32wbxx_hal_pwr_ex.c:178:6:HAL_PWREx_DisableBatteryCharging	0	static
stm32wbxx_hal_pwr_ex.c:190:6:HAL_PWREx_EnableVddUSB	0	static
stm32wbxx_hal_pwr_ex.c:199:6:HAL_PWREx_DisableVddUSB	0	static
stm32wbxx_hal_pwr_ex.c:211:6:HAL_PWREx_EnableInternalWakeUpLine	0	static
stm32wbxx_hal_pwr_ex.c:220:6:HAL_PWREx_DisableInternalWakeUpLine	0	static
stm32wbxx_hal_pwr_ex.c:231:6:HAL_PWREx_EnableBORH_SMPSBypassIT	0	static
stm32wbxx_hal_pwr_ex.c:241:6:HAL_PWREx_DisableBORH_SMPSBypassIT	0	static
stm32wbxx_hal_pwr_ex.c:251:6:HAL_PWREx_EnableRFPhaseIT	0	static
stm32wbxx_hal_pwr_ex.c:260:6:HAL_PWREx_DisableRFPhaseIT	0	static
stm32wbxx_hal_pwr_ex.c:270:6:HAL_PWREx_EnableBLEActivityIT	0	static
stm32wbxx_hal_pwr_ex.c:279:6:HAL_PWREx_DisableBLEActivityIT	0	static
stm32wbxx_hal_pwr_ex.c:289:6:HAL_PWREx_Enable802ActivityIT	0	static
stm32wbxx_hal_pwr_ex.c:298:6:HAL_PWREx_Disable802ActivityIT	0	static
stm32wbxx_hal_pwr_ex.c:308:6:HAL_PWREx_EnableHOLDC2IT	0	static
stm32wbxx_hal_pwr_ex.c:317:6:HAL_PWREx_DisableHOLDC2IT	0	static
stm32wbxx_hal_pwr_ex.c:345:19:HAL_PWREx_EnableGPIOPullUp	0	static
stm32wbxx_hal_pwr_ex.c:403:19:HAL_PWREx_DisableGPIOPullUp	0	static
stm32wbxx_hal_pwr_ex.c:463:19:HAL_PWREx_EnableGPIOPullDown	0	static
stm32wbxx_hal_pwr_ex.c:521:19:HAL_PWREx_DisableGPIOPullDown	0	static
stm32wbxx_hal_pwr_ex.c:568:6:HAL_PWREx_EnablePullUpPullDownConfig	0	static
stm32wbxx_hal_pwr_ex.c:579:6:HAL_PWREx_DisablePullUpPullDownConfig	0	static
stm32wbxx_hal_pwr_ex.c:593:6:HAL_PWREx_SetBORConfig	0	static
stm32wbxx_hal_pwr_ex.c:604:10:HAL_PWREx_GetBORConfig	0	static
stm32wbxx_hal_pwr_ex.c:619:6:HAL_PWREx_HoldCore	0	static
stm32wbxx_hal_pwr_ex.c:634:6:HAL_PWREx_ReleaseCore	0	static
stm32wbxx_hal_pwr_ex.c:651:6:HAL_PWREx_EnableSRAMRetention	0	static
stm32wbxx_hal_pwr_ex.c:664:6:HAL_PWREx_DisableSRAMRetention	0	static
stm32wbxx_hal_pwr_ex.c:679:6:HAL_PWREx_EnableFlashPowerDown	0	static
stm32wbxx_hal_pwr_ex.c:702:6:HAL_PWREx_DisableFlashPowerDown	0	static
stm32wbxx_hal_pwr_ex.c:716:6:HAL_PWREx_EnablePVM1	0	static
stm32wbxx_hal_pwr_ex.c:725:6:HAL_PWREx_DisablePVM1	0	static
stm32wbxx_hal_pwr_ex.c:735:6:HAL_PWREx_EnablePVM3	0	static
stm32wbxx_hal_pwr_ex.c:744:6:HAL_PWREx_DisablePVM3	0	static
stm32wbxx_hal_pwr_ex.c:764:19:HAL_PWREx_ConfigPVM	0	static
stm32wbxx_hal_pwr_ex.c:862:19:HAL_PWREx_ConfigSMPS	24	static
stm32wbxx_hal_pwr_ex.c:921:6:HAL_PWREx_SMPS_SetMode	0	static
stm32wbxx_hal_pwr_ex.c:946:10:HAL_PWREx_SMPS_GetEffectiveMode	0	static
stm32wbxx_hal_pwr_ex.c:974:6:HAL_PWREx_EnableWakeUpPin	8	static
stm32wbxx_hal_pwr_ex.c:1004:11:HAL_PWREx_GetWakeupFlag	0	static
stm32wbxx_hal_pwr_ex.c:1020:19:HAL_PWREx_ClearWakeupFlag	0	static
stm32wbxx_hal_pwr_ex.c:1043:6:HAL_PWREx_EnableLowPowerRunMode	0	static
stm32wbxx_hal_pwr_ex.c:1058:19:HAL_PWREx_DisableLowPowerRunMode	0	static
stm32wbxx_hal_pwr_ex.c:1107:6:HAL_PWREx_EnterSTOP0Mode	0	static,ignoring_inline_asm
stm32wbxx_hal_pwr_ex.c:1160:6:HAL_PWREx_EnterSTOP1Mode	0	static,ignoring_inline_asm
stm32wbxx_hal_pwr_ex.c:1223:6:HAL_PWREx_EnterSTOP2Mode	0	static,ignoring_inline_asm
stm32wbxx_hal_pwr_ex.c:1264:6:HAL_PWREx_EnterSHUTDOWNMode	0	static,ignoring_inline_asm
stm32wbxx_hal_pwr_ex.c:1332:13:HAL_PWREx_PVM1Callback	0	static
stm32wbxx_hal_pwr_ex.c:1344:13:HAL_PWREx_PVM3Callback	0	static
stm32wbxx_hal_pwr_ex.c:1293:6:HAL_PWREx_PVD_PVM_IRQHandler	8	static
